<html>
<body>
<pre>
<h1>µVision Build Log</h1>
<h2>Tool Versions:</h2>
IDE-Version: ¦ÌVision V5.14.0.0
Copyright (C) 2015 ARM Ltd and ARM Germany GmbH. All rights reserved.
License Information: Huang Kan, Huazhong Univ. of Sci. and Tech., LIC=14HKP-MVXH1-1PLZ5-G7RD1-EXBRG-X9U7V
 
Tool Versions:
Toolchain:       MDK-ARM Standard  Version: 5.14.0.0
Toolchain Path:  D:\Program Files (x86)\Keil\ARM\ARMCC\Bin
C Compiler:      Armcc.exe V5.05 update 1 (build 106)
Assembler:       Armasm.exe V5.05 update 1 (build 106)
Linker/Locator:  ArmLink.exe V5.05 update 1 (build 106)
Library Manager: ArmAr.exe V5.05 update 1 (build 106)
Hex Converter:   FromElf.exe V5.05 update 1 (build 106)
CPU DLL:         SARMCM3.DLL V5.14.0.0
Dialog DLL:      DCM.DLL V1.13.1.0
Target DLL:      STLink\ST-LINKIII-KEIL_SWO.dll V2.0.14.0_KEIL
Dialog DLL:      TCM.DLL V1.14.4.0
 
<h2>Project:</h2>
D:\_Keil\STM32_Aircraft\STM32_Aircraft.uvprojx
Project File Date:  07/02/2015

<h2>Output:</h2>
Build target 'Target1'
compiling Aircraft.cpp...
Aircraft.cpp(89): warning:  #111-D: statement is unreachable
    return -1;
Aircraft.cpp: 1 warning, 0 errors
compiling Delay.cpp...
linking...
Program Size: Code=15828 RO-data=2268 RW-data=40 ZI-data=1680  
".\STM32_Aircraft\IO_Toggle.axf" - 0 Error(s), 1 Warning(s).

<h2>Collection of Component include folders:</h2>
  D:\_Keil\STM32_Aircraft\RTE
  D:\Program Files (x86)\Keil\ARM\PACK\Keil\STM32F4xx_DFP\2.4.0

<h2>Collection of Component Files used:</h2>
</pre>
</body>
</html>
