Component: ARM Compiler 5.05 update 1 (build 106) Tool: armlink [4d0efa]

==============================================================================

Section Cross References

    aircraft.o(i.Aircraft_Init) refers to timer.o(i._ZN5Timer14mode_pwm_inputE10PinTypedef) for Timer::mode_pwm_input(PinTypedef)
    aircraft.o(i.Aircraft_Init) refers to timer.o(i._ZN5Timer8mode_schEv) for Timer::mode_sch()
    aircraft.o(i.Aircraft_Init) refers to stick.o(i._ZN5StickC1Efff9DATA_MODE) for Stick::Stick(float, float, float, DATA_MODE)
    aircraft.o(i.Aircraft_Init) refers to memcpya.o(.text) for __aeabi_memcpy4
    aircraft.o(i.Aircraft_Init) refers to motor.o(i._ZN5MotorC1Ejfhh10PinTypedef) for Motor::Motor(unsigned, float, unsigned char, unsigned char, PinTypedef)
    aircraft.o(i.Aircraft_Init) refers to delay_1.o(i.Delay) for Delay
    aircraft.o(i.Aircraft_Init) refers to motor.o(i._ZN5Motor8set_dutyEf) for Motor::set_duty(float)
    aircraft.o(i.Aircraft_Init) refers to stm32f4xx_rcc.o(i.RCC_AHB1PeriphClockCmd) for RCC_AHB1PeriphClockCmd
    aircraft.o(i.Aircraft_Init) refers to stm32f4xx_gpio.o(i.GPIO_Init) for GPIO_Init
    aircraft.o(i.Aircraft_Init) refers to stm32f4xx_gpio.o(i.GPIO_ResetBits) for GPIO_ResetBits
    aircraft.o(i.Aircraft_Init) refers to aircraft.o(.bss) for .bss
    aircraft.o(i.Aircraft_Init) refers to aircraft.o(.data) for .data
    aircraft.o(i.TIM2_IRQHandler) refers to timer.o(i._ZN5Timer17PWM_Input_HandlerEv) for Timer::PWM_Input_Handler()
    aircraft.o(i.TIM2_IRQHandler) refers to aircraft.o(.bss) for .bss
    aircraft.o(i.TIM3_IRQHandler) refers to timer.o(i._ZN5Timer17PWM_Input_HandlerEv) for Timer::PWM_Input_Handler()
    aircraft.o(i.TIM3_IRQHandler) refers to aircraft.o(.bss) for .bss
    aircraft.o(i.TIM4_IRQHandler) refers to timer.o(i._ZN5Timer17PWM_Input_HandlerEv) for Timer::PWM_Input_Handler()
    aircraft.o(i.TIM4_IRQHandler) refers to aircraft.o(.bss) for .bss
    aircraft.o(i.TIM5_IRQHandler) refers to timer.o(i._ZN5Timer17PWM_Input_HandlerEv) for Timer::PWM_Input_Handler()
    aircraft.o(i.TIM5_IRQHandler) refers to aircraft.o(.bss) for .bss
    aircraft.o(i.TIM8_UP_TIM13_IRQHandler) refers to stm32f4xx_tim.o(i.TIM_ClearITPendingBit) for TIM_ClearITPendingBit
    aircraft.o(i.TIM8_UP_TIM13_IRQHandler) refers to receiver.o(i._ZN8Receiver11update_dataEf) for Receiver::update_data(float)
    aircraft.o(i.TIM8_UP_TIM13_IRQHandler) refers to motor.o(i._ZN5Motor8set_dutyEf) for Motor::set_duty(float)
    aircraft.o(i.TIM8_UP_TIM13_IRQHandler) refers to aircraft.o(.bss) for .bss
    aircraft.o(i.TIM8_UP_TIM13_IRQHandler) refers to aircraft.o(.data) for .data
    aircraft.o(i.__sti___12_Aircraft_cpp_700c42bb) refers to timer.o(i._ZN5TimerC1Eh) for Timer::Timer(unsigned char)
    aircraft.o(i.__sti___12_Aircraft_cpp_700c42bb) refers to motor.o(i._ZN5MotorC1Ev) for Motor::Motor()
    aircraft.o(i.__sti___12_Aircraft_cpp_700c42bb) refers to receiver.o(i._ZN8ReceiverC1Ev) for Receiver::Receiver()
    aircraft.o(i.__sti___12_Aircraft_cpp_700c42bb) refers to aircraft.o(.bss) for .bss
    aircraft.o(i.main) refers to aircraft.o(i.Aircraft_Init) for Aircraft_Init
    aircraft.o(i.main) refers to delay_1.o(i.Delay) for Delay
    aircraft.o(i.main) refers to stm32f4xx_gpio.o(i.GPIO_ToggleBits) for GPIO_ToggleBits
    aircraft.o(.ARM.exidx) refers to aircraft.o(i.Aircraft_Init) for i.Aircraft_Init
    aircraft.o(.ARM.exidx) refers to aircraft.o(i.main) for i.main
    aircraft.o(.ARM.exidx) refers to aircraft.o(i.TIM8_UP_TIM13_IRQHandler) for i.TIM8_UP_TIM13_IRQHandler
    aircraft.o(.ARM.exidx) refers to aircraft.o(i.TIM2_IRQHandler) for i.TIM2_IRQHandler
    aircraft.o(.ARM.exidx) refers to aircraft.o(i.TIM3_IRQHandler) for i.TIM3_IRQHandler
    aircraft.o(.ARM.exidx) refers to aircraft.o(i.TIM4_IRQHandler) for i.TIM4_IRQHandler
    aircraft.o(.ARM.exidx) refers to aircraft.o(i.TIM5_IRQHandler) for i.TIM5_IRQHandler
    aircraft.o(.ARM.exidx) refers to aircraft.o(i.__sti___12_Aircraft_cpp_700c42bb) for i.__sti___12_Aircraft_cpp_700c42bb
    aircraft.o(.init_array) refers to aircraft.o(i.__sti___12_Aircraft_cpp_700c42bb) for __sti___12_Aircraft_cpp_700c42bb
    aircraft.o(.init_array) refers to cpp_init.o(.text) for __cpp_initialize__aeabi_
    stm32f4xx_it.o(.ARM.exidx) refers to stm32f4xx_it.o(i.NMI_Handler) for i.NMI_Handler
    stm32f4xx_it.o(.ARM.exidx) refers to stm32f4xx_it.o(i.HardFault_Handler) for i.HardFault_Handler
    stm32f4xx_it.o(.ARM.exidx) refers to stm32f4xx_it.o(i.MemManage_Handler) for i.MemManage_Handler
    stm32f4xx_it.o(.ARM.exidx) refers to stm32f4xx_it.o(i.BusFault_Handler) for i.BusFault_Handler
    stm32f4xx_it.o(.ARM.exidx) refers to stm32f4xx_it.o(i.UsageFault_Handler) for i.UsageFault_Handler
    stm32f4xx_it.o(.ARM.exidx) refers to stm32f4xx_it.o(i.SVC_Handler) for i.SVC_Handler
    stm32f4xx_it.o(.ARM.exidx) refers to stm32f4xx_it.o(i.DebugMon_Handler) for i.DebugMon_Handler
[...]
    timer.o(i._ZN5Timer14mode_pwm_inputE10PinTypedef) refers to misc.o(i.NVIC_Init) for NVIC_Init
    timer.o(i._ZN5Timer14mode_pwm_inputE10PinTypedef) refers to stm32f4xx_tim.o(i.TIM_TimeBaseInit) for TIM_TimeBaseInit
    timer.o(i._ZN5Timer14mode_pwm_inputE10PinTypedef) refers to stm32f4xx_tim.o(i.TIM_PWMIConfig) for TIM_PWMIConfig
    timer.o(i._ZN5Timer14mode_pwm_inputE10PinTypedef) refers to stm32f4xx_tim.o(i.TIM_SelectInputTrigger) for TIM_SelectInputTrigger
    timer.o(i._ZN5Timer14mode_pwm_inputE10PinTypedef) refers to stm32f4xx_tim.o(i.TIM_SelectSlaveMode) for TIM_SelectSlaveMode
    timer.o(i._ZN5Timer14mode_pwm_inputE10PinTypedef) refers to stm32f4xx_tim.o(i.TIM_SelectMasterSlaveMode) for TIM_SelectMasterSlaveMode
    timer.o(i._ZN5Timer14mode_pwm_inputE10PinTypedef) refers to stm32f4xx_tim.o(i.TIM_Cmd) for TIM_Cmd
    timer.o(i._ZN5Timer14mode_pwm_inputE10PinTypedef) refers to stm32f4xx_tim.o(i.TIM_ITConfig) for TIM_ITConfig
    timer.o(i._ZN5Timer15mode_pwm_outputEffh10PinTypedef) refers to pin.o(i._ZN3PinC1E10PinTypedef) for Pin::Pin(PinTypedef)
    timer.o(i._ZN5Timer15mode_pwm_outputEffh10PinTypedef) refers to timer.o(i._ZN5Timer11GPIO_AF_TIMEP11TIM_TypeDef) for Timer::GPIO_AF_TIM(TIM_TypeDef*)
    timer.o(i._ZN5Timer15mode_pwm_outputEffh10PinTypedef) refers to pin.o(i._ZN3Pin15mode_pwm_outputEh) for Pin::mode_pwm_output(unsigned char)
    timer.o(i._ZN5Timer15mode_pwm_outputEffh10PinTypedef) refers to f2d.o(.text) for __aeabi_f2d
    timer.o(i._ZN5Timer15mode_pwm_outputEffh10PinTypedef) refers to ddiv.o(.text) for __aeabi_ddiv
    timer.o(i._ZN5Timer15mode_pwm_outputEffh10PinTypedef) refers to dfixui.o(.text) for __aeabi_d2uiz
    timer.o(i._ZN5Timer15mode_pwm_outputEffh10PinTypedef) refers to stm32f4xx_tim.o(i.TIM_TimeBaseInit) for TIM_TimeBaseInit
    timer.o(i._ZN5Timer15mode_pwm_outputEffh10PinTypedef) refers to stm32f4xx_tim.o(i.TIM_ARRPreloadConfig) for TIM_ARRPreloadConfig
    timer.o(i._ZN5Timer15mode_pwm_outputEffh10PinTypedef) refers to stm32f4xx_tim.o(i.TIM_OC1Init) for TIM_OC1Init
    timer.o(i._ZN5Timer15mode_pwm_outputEffh10PinTypedef) refers to stm32f4xx_tim.o(i.TIM_OC1PreloadConfig) for TIM_OC1PreloadConfig
    timer.o(i._ZN5Timer15mode_pwm_outputEffh10PinTypedef) refers to stm32f4xx_tim.o(i.TIM_OC2Init) for TIM_OC2Init
    timer.o(i._ZN5Timer15mode_pwm_outputEffh10PinTypedef) refers to stm32f4xx_tim.o(i.TIM_OC2PreloadConfig) for TIM_OC2PreloadConfig
    timer.o(i._ZN5Timer15mode_pwm_outputEffh10PinTypedef) refers to stm32f4xx_tim.o(i.TIM_OC3Init) for TIM_OC3Init
    timer.o(i._ZN5Timer15mode_pwm_outputEffh10PinTypedef) refers to stm32f4xx_tim.o(i.TIM_OC3PreloadConfig) for TIM_OC3PreloadConfig
    timer.o(i._ZN5Timer15mode_pwm_outputEffh10PinTypedef) refers to stm32f4xx_tim.o(i.TIM_OC4Init) for TIM_OC4Init
    timer.o(i._ZN5Timer15mode_pwm_outputEffh10PinTypedef) refers to stm32f4xx_tim.o(i.TIM_OC4PreloadConfig) for TIM_OC4PreloadConfig
    timer.o(i._ZN5Timer15mode_pwm_outputEffh10PinTypedef) refers to stm32f4xx_tim.o(i.TIM_Cmd) for TIM_Cmd
    timer.o(i._ZN5Timer15mode_pwm_outputEffh10PinTypedef) refers to stm32f4xx_tim.o(i.TIM_CtrlPWMOutputs) for TIM_CtrlPWMOutputs
    timer.o(i._ZN5Timer17PWM_Input_HandlerEv) refers to stm32f4xx_tim.o(i.TIM_ClearITPendingBit) for TIM_ClearITPendingBit
    timer.o(i._ZN5Timer17PWM_Input_HandlerEv) refers to stm32f4xx_tim.o(i.TIM_GetCapture2) for TIM_GetCapture2
    timer.o(i._ZN5Timer17PWM_Input_HandlerEv) refers to dfltui.o(.text) for __aeabi_ui2d
    timer.o(i._ZN5Timer17PWM_Input_HandlerEv) refers to stm32f4xx_tim.o(i.TIM_GetCapture1) for TIM_GetCapture1
    timer.o(i._ZN5Timer17PWM_Input_HandlerEv) refers to dmul.o(.text) for __aeabi_dmul
    timer.o(i._ZN5Timer17PWM_Input_HandlerEv) refers to ddiv.o(.text) for __aeabi_ddiv
    timer.o(i._ZN5Timer17PWM_Input_HandlerEv) refers to d2f.o(.text) for __aeabi_d2f
    timer.o(i._ZN5Timer8mode_schEv) refers to misc.o(i.NVIC_Init) for NVIC_Init
    timer.o(i._ZN5Timer8mode_schEv) refers to stm32f4xx_tim.o(i.TIM_TimeBaseInit) for TIM_TimeBaseInit
    timer.o(i._ZN5Timer8mode_schEv) refers to stm32f4xx_tim.o(i.TIM_ITConfig) for TIM_ITConfig
    timer.o(i._ZN5Timer8mode_schEv) refers to stm32f4xx_tim.o(i.TIM_Cmd) for TIM_Cmd
    timer.o(i._ZN5Timer8set_dutyEfh) refers to f2d.o(.text) for __aeabi_f2d
    timer.o(i._ZN5Timer8set_dutyEfh) refers to ddiv.o(.text) for __aeabi_ddiv
    timer.o(i._ZN5Timer8set_dutyEfh) refers to dmul.o(.text) for __aeabi_dmul
    timer.o(i._ZN5Timer8set_dutyEfh) refers to dfixui.o(.text) for __aeabi_d2uiz
    timer.o(i._ZN5Timer8set_dutyEfh) refers to stm32f4xx_tim.o(i.TIM_SetCompare4) for TIM_SetCompare4
    timer.o(i._ZN5Timer8set_dutyEfh) refers to stm32f4xx_tim.o(i.TIM_SetCompare1) for TIM_SetCompare1
    timer.o(i._ZN5Timer8set_dutyEfh) refers to stm32f4xx_tim.o(i.TIM_SetCompare2) for TIM_SetCompare2
    timer.o(i._ZN5Timer8set_dutyEfh) refers to stm32f4xx_tim.o(i.TIM_SetCompare3) for TIM_SetCompare3
    timer.o(i._ZN5TimerC1Eh) refers to timer.o(i._ZN5Timer11config_IRQnEv) for Timer::config_IRQn()
    timer.o(i._ZN5TimerC1Eh) refers to timer.o(i._ZN5Timer13config_PeriphEv) for Timer::config_Periph()
    timer.o(.ARM.exidx) refers to timer.o(i._ZN5Timer11GPIO_AF_TIMEP11TIM_TypeDef) for i._ZN5Timer11GPIO_AF_TIMEP11TIM_TypeDef
    timer.o(.ARM.exidx) refers to timer.o(i._ZN5Timer11config_IRQnEv) for i._ZN5Timer11config_IRQnEv
    timer.o(.ARM.exidx) refers to timer.o(i._ZN5Timer13config_PeriphEv) for i._ZN5Timer13config_PeriphEv
    timer.o(.ARM.exidx) refers to timer.o(i._ZN5TimerC1Ev) for i._ZN5TimerC1Ev
    timer.o(.ARM.exidx) refers to timer.o(i._ZN5TimerC1Eh) for i._ZN5TimerC1Eh
    timer.o(.ARM.exidx) refers to timer.o(i._ZN5Timer14mode_pwm_inputE10PinTypedef) for i._ZN5Timer14mode_pwm_inputE10PinTypedef
    timer.o(.ARM.exidx) refers to timer.o(i._ZN5Timer17PWM_Input_HandlerEv) for i._ZN5Timer17PWM_Input_HandlerEv
    timer.o(.ARM.exidx) refers to timer.o(i._ZN5Timer15mode_pwm_outputEffh10PinTypedef) for i._ZN5Timer15mode_pwm_outputEffh10PinTypedef
    timer.o(.ARM.exidx) refers to timer.o(i._ZN5Timer8mode_schEv) for i._ZN5Timer8mode_schEv
    timer.o(.ARM.exidx) refers to timer.o(i._ZN5Timer8set_dutyEfh) for i._ZN5Timer8set_dutyEfh
    pwm.o(i._ZN3PWM8set_dutyEf) refers to timer.o(i._ZN5Timer8set_dutyEfh) for Timer::set_duty(float, unsigned char)
    pwm.o(i._ZN3PWMC1Ejfhh10PinTypedef) refers to timer.o(i._ZN5TimerC1Ev) for Timer::Timer()
    pwm.o(i._ZN3PWMC1Ejfhh10PinTypedef) refers to timer.o(i._ZN5TimerC1Eh) for Timer::Timer(unsigned char)
    pwm.o(i._ZN3PWMC1Ejfhh10PinTypedef) refers to memcpya.o(.text) for __aeabi_memcpy4
    pwm.o(i._ZN3PWMC1Ejfhh10PinTypedef) refers to timer.o(i._ZN5Timer15mode_pwm_outputEffh10PinTypedef) for Timer::mode_pwm_output(float, float, unsigned char, PinTypedef)
    pwm.o(i._ZN3PWMC1Ev) refers to timer.o(i._ZN5TimerC1Ev) for Timer::Timer()
    pwm.o(.ARM.exidx) refers to pwm.o(i._ZN3PWMC1Ev) for i._ZN3PWMC1Ev
    pwm.o(.ARM.exidx) refers to pwm.o(i._ZN3PWMC1Ejfhh10PinTypedef) for i._ZN3PWMC1Ejfhh10PinTypedef
    pwm.o(.ARM.exidx) refers to pwm.o(i._ZN3PWM8set_dutyEf) for i._ZN3PWM8set_dutyEf
    pwm.o(.ARM.exidx) refers to pwm.o(i._ZN3PWM8get_dutyEv) for i._ZN3PWM8get_dutyEv
    motor.o(i._ZN5Motor8set_dutyEf) refers to motor.o(i._ZN5Motor10limit_dutyEf) for Motor::limit_duty(float)
    motor.o(i._ZN5Motor8set_dutyEf) refers to pwm.o(i._ZN3PWM8set_dutyEf) for PWM::set_duty(float)
    motor.o(i._ZN5MotorC1Ejfhh10PinTypedef) refers to pwm.o(i._ZN3PWMC1Ev) for PWM::PWM()
    motor.o(i._ZN5MotorC1Ejfhh10PinTypedef) refers to pwm.o(i._ZN3PWMC1Ejfhh10PinTypedef) for PWM::PWM(unsigned, float, unsigned char, unsigned char, PinTypedef)
    motor.o(i._ZN5MotorC1Ejfhh10PinTypedef) refers to memcpya.o(.text) for __aeabi_memcpy4
    motor.o(i._ZN5MotorC1Ev) refers to pwm.o(i._ZN3PWMC1Ev) for PWM::PWM()
    motor.o(.ARM.exidx) refers to motor.o(i._ZN5Motor10limit_dutyEf) for i._ZN5Motor10limit_dutyEf
    motor.o(.ARM.exidx) refers to motor.o(i._ZN5MotorC1Ev) for i._ZN5MotorC1Ev
    motor.o(.ARM.exidx) refers to motor.o(i._ZN5MotorC1Ejfhh10PinTypedef) for i._ZN5MotorC1Ejfhh10PinTypedef
    motor.o(.ARM.exidx) refers to motor.o(i._ZN5Motor8set_dutyEf) for i._ZN5Motor8set_dutyEf
    motor.o(.ARM.exidx) refers to motor.o(i._ZN5Motor8get_dutyEv) for i._ZN5Motor8get_dutyEv
    stick.o(i._ZN5Stick12get_now_dutyEf) refers to stick.o(i._ZN5Stick12seft_convertEv) for Stick::seft_convert()
    stick.o(i._ZN5Stick12seft_convertEv) refers to stick.o(i._ZN5Stick16seft_standardizeEv) for Stick::seft_standardize()
    stick.o(i._ZN5Stick16seft_standardizeEv) refers to f2d.o(.text) for __aeabi_f2d
    stick.o(i._ZN5Stick16seft_standardizeEv) refers to dmul.o(.text) for __aeabi_dmul
    stick.o(i._ZN5Stick16seft_standardizeEv) refers to dadd.o(.text) for __aeabi_dadd
    stick.o(i._ZN5Stick16seft_standardizeEv) refers to d2f.o(.text) for __aeabi_d2f
    stick.o(.ARM.exidx) refers to stick.o(i._ZN5Stick16seft_standardizeEv) for i._ZN5Stick16seft_standardizeEv
    stick.o(.ARM.exidx) refers to stick.o(i._ZN5Stick11seft_invertEv) for i._ZN5Stick11seft_invertEv
    stick.o(.ARM.exidx) refers to stick.o(i._ZN5Stick12seft_convertEv) for i._ZN5Stick12seft_convertEv
    stick.o(.ARM.exidx) refers to stick.o(i._ZN5StickC1Efff9DATA_MODE) for i._ZN5StickC1Efff9DATA_MODE
    stick.o(.ARM.exidx) refers to stick.o(i._ZN5StickC1Ev) for i._ZN5StickC1Ev
    stick.o(.ARM.exidx) refers to stick.o(i._ZN5Stick12get_now_dutyEf) for i._ZN5Stick12get_now_dutyEf
    receiver.o(i._ZN8Receiver11update_dataEf) refers to stick.o(i._ZN5Stick12get_now_dutyEf) for Stick::get_now_duty(float)
    receiver.o(i._ZN8ReceiverC1Ev) refers to stick.o(i._ZN5StickC1Ev) for Stick::Stick()
    receiver.o(.ARM.exidx) refers to receiver.o(i._ZN8ReceiverC1Ev) for i._ZN8ReceiverC1Ev
    receiver.o(.ARM.exidx) refers to receiver.o(i._ZN8Receiver11update_dataEf) for i._ZN8Receiver11update_dataEf
    delay_1.o(.ARM.exidx) refers to delay_1.o(i.Delay) for i.Delay
    formatter_1.o(i.float_to_string) refers to formatter_1.o(i.int_to_string) for int_to_string
    formatter_1.o(i.float_to_string) refers to formatter_1.o(i.int_to_string_w) for int_to_string_w
    formatter_1.o(i.float_to_string) refers to formatter_1.o(i.str_cat) for str_cat
    formatter_1.o(i.int_to_string) refers to formatter_1.o(i.str_invert) for str_invert
    formatter_1.o(i.int_to_string_w) refers to formatter_1.o(i.str_invert) for str_invert
    formatter_1.o(i.str_cat) refers to formatter_1.o(i.str_len) for str_len
    formatter_1.o(i.str_cat) refers to formatter_1.o(i.str_cpy) for str_cpy
    formatter_1.o(.ARM.exidx) refers to formatter_1.o(i.str_invert) for i.str_invert
    formatter_1.o(.ARM.exidx) refers to formatter_1.o(i.str_len) for i.str_len
    formatter_1.o(.ARM.exidx) refers to formatter_1.o(i.str_cpy) for i.str_cpy
    formatter_1.o(.ARM.exidx) refers to formatter_1.o(i.str_cat) for i.str_cat
    formatter_1.o(.ARM.exidx) refers to formatter_1.o(i.int_to_string) for i.int_to_string
    formatter_1.o(.ARM.exidx) refers to formatter_1.o(i.int_to_string_w) for i.int_to_string_w
    formatter_1.o(.ARM.exidx) refers to formatter_1.o(i.float_to_string) for i.float_to_string
    entry.o(.ARM.Collect$$$$00000000) refers (Special) to entry10a.o(.ARM.Collect$$$$0000000D) for __rt_final_cpp
    entry.o(.ARM.Collect$$$$00000000) refers (Special) to entry11a.o(.ARM.Collect$$$$0000000F) for __rt_final_exit
    entry.o(.ARM.Collect$$$$00000000) refers (Special) to entry7b.o(.ARM.Collect$$$$00000008) for _main_clock
    entry.o(.ARM.Collect$$$$00000000) refers (Special) to entry8b.o(.ARM.Collect$$$$0000000A) for _main_cpp_init
    entry.o(.ARM.Collect$$$$00000000) refers (Special) to entry9a.o(.ARM.Collect$$$$0000000B) for _main_init
    entry.o(.ARM.Collect$$$$00000000) refers (Special) to entry5.o(.ARM.Collect$$$$00000004) for _main_scatterload
    entry.o(.ARM.Collect$$$$00000000) refers (Special) to entry2.o(.ARM.Collect$$$$00000001) for _main_stk
    cpp_init.o(.emb_text) refers (Special) to entry8a.o(.ARM.Collect$$$$00000009) for _main_cpp_init$empty
    cpp_init.o(.init_array) refers (Special) to entry8a.o(.ARM.Collect$$$$00000009) for _main_cpp_init$empty
    cpp_init.o(.init_array) refers to cpp_init.o(.text) for __cpp_initialize__aeabi_
    cpp_init.o(.dummy_text) refers (Special) to entry8a.o(.ARM.Collect$$$$00000009) for _main_cpp_init$empty
    cpp_init.o(.text) refers (Special) to entry8a.o(.ARM.Collect$$$$00000009) for _main_cpp_init$empty
    dadd.o(.text) refers (Special) to iusefp.o(.text) for __I$use$fp
    dadd.o(.text) refers to llshl.o(.text) for __aeabi_llsl
    dadd.o(.text) refers to llsshr.o(.text) for __aeabi_lasr
    dadd.o(.text) refers to depilogue.o(.text) for _double_epilogue
    dmul.o(.text) refers (Special) to iusefp.o(.text) for __I$use$fp
    dmul.o(.text) refers to depilogue.o(.text) for _double_epilogue
    ddiv.o(.text) refers (Special) to iusefp.o(.text) for __I$use$fp
    ddiv.o(.text) refers to depilogue.o(.text) for _double_round
    dfltui.o(.text) refers (Special) to iusefp.o(.text) for __I$use$fp
    dfltui.o(.text) refers to depilogue.o(.text) for _double_epilogue
    dfixui.o(.text) refers (Special) to iusefp.o(.text) for __I$use$fp
    dfixui.o(.text) refers to llushr.o(.text) for __aeabi_llsr
    f2d.o(.text) refers (Special) to iusefp.o(.text) for __I$use$fp
    d2f.o(.text) refers (Special) to iusefp.o(.text) for __I$use$fp
    d2f.o(.text) refers to fepilogue.o(.text) for _float_round
    entry2.o(.ARM.Collect$$$$00000001) refers to entry2.o(.ARM.Collect$$$$00002712) for __lit__00000000
    entry2.o(.ARM.Collect$$$$00002712) refers to startup_stm32f4xx.o(STACK) for __initial_sp
    entry2.o(__vectab_stack_and_reset_area) refers to startup_stm32f4xx.o(STACK) for __initial_sp
    entry2.o(__vectab_stack_and_reset_area) refers to entry.o(.ARM.Collect$$$$00000000) for __main
    entry5.o(.ARM.Collect$$$$00000004) refers to init.o(.text) for __scatterload
    entry8a.o(.ARM.Collect$$$$00000009) refers (Weak) to cpp_init.o(.text) for __cpp_initialize__aeabi_
    entry9a.o(.ARM.Collect$$$$0000000B) refers to aircraft.o(i.main) for main
    entry9b.o(.ARM.Collect$$$$0000000C) refers to aircraft.o(i.main) for main
    depilogue.o(.text) refers to llshl.o(.text) for __aeabi_llsl
    depilogue.o(.text) refers to llushr.o(.text) for __aeabi_llsr
    init.o(.text) refers to entry5.o(.ARM.Collect$$$$00000004) for __main_after_scatterload


==============================================================================

Removing Unused input sections from the image.

    Removing aircraft.o(.emb_text), (8 bytes).
    Removing aircraft.o(.ARM.exidx), (8 bytes).
    Removing aircraft.o(.ARM.exidx), (8 bytes).
    Removing aircraft.o(.ARM.exidx), (8 bytes).
    Removing aircraft.o(.ARM.exidx), (8 bytes).
    Removing aircraft.o(.ARM.exidx), (8 bytes).
    Removing aircraft.o(.ARM.exidx), (8 bytes).
    Removing aircraft.o(.ARM.exidx), (8 bytes).
    Removing aircraft.o(.ARM.exidx), (8 bytes).
    Removing stm32f4xx_it.o(.emb_text), (8 bytes).
    Removing stm32f4xx_it.o(i._Z17USARTx_IRQHANDLERv), (2 bytes).
    Removing stm32f4xx_it.o(.ARM.exidx), (8 bytes).
    Removing stm32f4xx_it.o(.ARM.exidx), (8 bytes).
    Removing stm32f4xx_it.o(.ARM.exidx), (8 bytes).
    Removing stm32f4xx_it.o(.ARM.exidx), (8 bytes).
    Removing stm32f4xx_it.o(.ARM.exidx), (8 bytes).
    Removing stm32f4xx_it.o(.ARM.exidx), (8 bytes).
    Removing stm32f4xx_it.o(.ARM.exidx), (8 bytes).
    Removing stm32f4xx_it.o(.ARM.exidx), (8 bytes).
    Removing stm32f4xx_it.o(.ARM.exidx), (8 bytes).
    Removing stm32f4xx_it.o(.ARM.exidx), (8 bytes).
    Removing stm32f4_discovery.o(.emb_text), (8 bytes).
    Removing stm32f4_discovery.o(i.STM_EVAL_LEDInit), (72 bytes).
    Removing stm32f4_discovery.o(i.STM_EVAL_LEDOff), (24 bytes).
    Removing stm32f4_discovery.o(i.STM_EVAL_LEDOn), (24 bytes).
    Removing stm32f4_discovery.o(i.STM_EVAL_LEDToggle), (28 bytes).
    Removing stm32f4_discovery.o(i.STM_EVAL_PBGetState), (24 bytes).
    Removing stm32f4_discovery.o(i.STM_EVAL_PBInit), (152 bytes).
    Removing stm32f4_discovery.o(.constdata), (36 bytes).
    Removing stm32f4_discovery.o(.data), (20 bytes).
    Removing stm32f4_discovery.o(.data), (4 bytes).
    Removing stm32f4xx_rcc.o(.emb_text), (8 bytes).
    Removing stm32f4xx_rcc.o(i.RCC_AHB1PeriphClockLPModeCmd), (24 bytes).
    Removing stm32f4xx_rcc.o(i.RCC_AHB1PeriphResetCmd), (24 bytes).
    Removing stm32f4xx_rcc.o(i.RCC_AHB2PeriphClockCmd), (24 bytes).
    Removing stm32f4xx_rcc.o(i.RCC_AHB2PeriphClockLPModeCmd), (24 bytes).
    Removing stm32f4xx_rcc.o(i.RCC_AHB2PeriphResetCmd), (24 bytes).
    Removing stm32f4xx_rcc.o(i.RCC_AHB3PeriphClockCmd), (24 bytes).
    Removing stm32f4xx_rcc.o(i.RCC_AHB3PeriphClockLPModeCmd), (24 bytes).
    Removing stm32f4xx_rcc.o(i.RCC_AHB3PeriphResetCmd), (24 bytes).
    Removing stm32f4xx_rcc.o(i.RCC_APB1PeriphClockLPModeCmd), (24 bytes).
    Removing stm32f4xx_rcc.o(i.RCC_APB1PeriphResetCmd), (24 bytes).
    Removing stm32f4xx_rcc.o(i.RCC_APB2PeriphClockLPModeCmd), (24 bytes).
    Removing stm32f4xx_rcc.o(i.RCC_APB2PeriphResetCmd), (24 bytes).
    Removing stm32f4xx_rcc.o(i.RCC_AdjustHSICalibrationValue), (20 bytes).
    Removing stm32f4xx_rcc.o(i.RCC_BackupResetCmd), (12 bytes).
    Removing stm32f4xx_rcc.o(i.RCC_ClearFlag), (16 bytes).
    Removing stm32f4xx_rcc.o(i.RCC_ClearITPendingBit), (12 bytes).
    Removing stm32f4xx_rcc.o(i.RCC_ClockSecuritySystemCmd), (12 bytes).
    Removing stm32f4xx_rcc.o(i.RCC_DeInit), (60 bytes).
    Removing stm32f4xx_rcc.o(i.RCC_GetClocksFreq), (148 bytes).
    Removing stm32f4xx_rcc.o(i.RCC_GetFlagStatus), (52 bytes).
    Removing stm32f4xx_rcc.o(i.RCC_GetITStatus), (20 bytes).
    Removing stm32f4xx_rcc.o(i.RCC_GetSYSCLKSource), (16 bytes).
    Removing stm32f4xx_rcc.o(i.RCC_HCLKConfig), (20 bytes).
    Removing stm32f4xx_rcc.o(i.RCC_HSEConfig), (16 bytes).
    Removing stm32f4xx_rcc.o(i.RCC_HSICmd), (12 bytes).
    Removing stm32f4xx_rcc.o(i.RCC_I2SCLKConfig), (12 bytes).
    Removing stm32f4xx_rcc.o(i.RCC_ITConfig), (24 bytes).
    Removing stm32f4xx_rcc.o(i.RCC_LSEConfig), (28 bytes).
    Removing stm32f4xx_rcc.o(i.RCC_LSICmd), (12 bytes).
    Removing stm32f4xx_rcc.o(i.RCC_MCO1Config), (20 bytes).
    Removing stm32f4xx_rcc.o(i.RCC_MCO2Config), (20 bytes).
    Removing stm32f4xx_rcc.o(i.RCC_PCLK1Config), (20 bytes).
    Removing stm32f4xx_rcc.o(i.RCC_PCLK2Config), (20 bytes).
    Removing stm32f4xx_rcc.o(i.RCC_PLLCmd), (12 bytes).
    Removing stm32f4xx_rcc.o(i.RCC_PLLConfig), (40 bytes).
    Removing stm32f4xx_rcc.o(i.RCC_PLLI2SCmd), (12 bytes).
    Removing stm32f4xx_rcc.o(i.RCC_PLLI2SConfig), (16 bytes).
    Removing stm32f4xx_rcc.o(i.RCC_RTCCLKCmd), (12 bytes).
    Removing stm32f4xx_rcc.o(i.RCC_RTCCLKConfig), (48 bytes).
    Removing stm32f4xx_rcc.o(i.RCC_SYSCLKConfig), (20 bytes).
    Removing stm32f4xx_rcc.o(i.RCC_WaitForHSEStartUp), (44 bytes).
    Removing stm32f4xx_rcc.o(.data), (16 bytes).
    Removing misc.o(.emb_text), (8 bytes).
    Removing misc.o(i.NVIC_PriorityGroupConfig), (20 bytes).
    Removing misc.o(i.NVIC_SetVectorTable), (20 bytes).
    Removing misc.o(i.NVIC_SystemLPConfig), (24 bytes).
    Removing misc.o(i.SysTick_CLKSourceConfig), (24 bytes).
    Removing stm32f4xx_gpio.o(.emb_text), (8 bytes).
    Removing stm32f4xx_gpio.o(i.GPIO_DeInit), (228 bytes).
    Removing stm32f4xx_gpio.o(i.GPIO_PinLockConfig), (24 bytes).
    Removing stm32f4xx_gpio.o(i.GPIO_ReadInputData), (6 bytes).
    Removing stm32f4xx_gpio.o(i.GPIO_ReadInputDataBit), (14 bytes).
    Removing stm32f4xx_gpio.o(i.GPIO_ReadOutputData), (6 bytes).
    Removing stm32f4xx_gpio.o(i.GPIO_ReadOutputDataBit), (14 bytes).
    Removing stm32f4xx_gpio.o(i.GPIO_SetBits), (4 bytes).
    Removing stm32f4xx_gpio.o(i.GPIO_StructInit), (18 bytes).
    Removing stm32f4xx_gpio.o(i.GPIO_Write), (4 bytes).
    Removing stm32f4xx_gpio.o(i.GPIO_WriteBit), (10 bytes).
    Removing stm32f4xx_exti.o(.emb_text), (8 bytes).
    Removing stm32f4xx_exti.o(i.EXTI_ClearFlag), (12 bytes).
    Removing stm32f4xx_exti.o(i.EXTI_ClearITPendingBit), (12 bytes).
    Removing stm32f4xx_exti.o(i.EXTI_DeInit), (36 bytes).
    Removing stm32f4xx_exti.o(i.EXTI_GenerateSWInterrupt), (16 bytes).
    Removing stm32f4xx_exti.o(i.EXTI_GetFlagStatus), (20 bytes).
    Removing stm32f4xx_exti.o(i.EXTI_GetITStatus), (32 bytes).
    Removing stm32f4xx_exti.o(i.EXTI_Init), (112 bytes).
    Removing stm32f4xx_exti.o(i.EXTI_StructInit), (14 bytes).
    Removing stm32f4xx_syscfg.o(.emb_text), (8 bytes).
    Removing stm32f4xx_syscfg.o(i.SYSCFG_CompensationCellCmd), (12 bytes).
    Removing stm32f4xx_syscfg.o(i.SYSCFG_DeInit), (24 bytes).
    Removing stm32f4xx_syscfg.o(i.SYSCFG_ETH_MediaInterfaceConfig), (12 bytes).
    Removing stm32f4xx_syscfg.o(i.SYSCFG_EXTILineConfig), (48 bytes).
    Removing stm32f4xx_syscfg.o(i.SYSCFG_GetCompensationCellStatus), (20 bytes).
    Removing stm32f4xx_syscfg.o(i.SYSCFG_MemoryRemapConfig), (12 bytes).
    Removing stm32f4xx_fsmc.o(.emb_text), (8 bytes).
    Removing stm32f4xx_fsmc.o(i.FSMC_ClearFlag), (38 bytes).
    Removing stm32f4xx_fsmc.o(i.FSMC_ClearITPendingBit), (44 bytes).
    Removing stm32f4xx_fsmc.o(i.FSMC_GetECC), (18 bytes).
    Removing stm32f4xx_fsmc.o(i.FSMC_GetFlagStatus), (40 bytes).
    Removing stm32f4xx_fsmc.o(i.FSMC_GetITStatus), (48 bytes).
    Removing stm32f4xx_fsmc.o(i.FSMC_ITConfig), (72 bytes).
    Removing stm32f4xx_fsmc.o(i.FSMC_NANDCmd), (56 bytes).
    Removing stm32f4xx_fsmc.o(i.FSMC_NANDDeInit), (40 bytes).
    Removing stm32f4xx_fsmc.o(i.FSMC_NANDECCCmd), (56 bytes).
    Removing stm32f4xx_fsmc.o(i.FSMC_NANDInit), (104 bytes).
    Removing stm32f4xx_fsmc.o(i.FSMC_NANDStructInit), (54 bytes).
    Removing stm32f4xx_fsmc.o(i.FSMC_NORSRAMCmd), (32 bytes).
    Removing stm32f4xx_fsmc.o(i.FSMC_NORSRAMDeInit), (40 bytes).
    Removing stm32f4xx_fsmc.o(i.FSMC_NORSRAMInit), (200 bytes).
    Removing stm32f4xx_fsmc.o(i.FSMC_NORSRAMStructInit), (98 bytes).
    Removing stm32f4xx_fsmc.o(i.FSMC_PCCARDCmd), (32 bytes).
    Removing stm32f4xx_fsmc.o(i.FSMC_PCCARDDeInit), (26 bytes).
    Removing stm32f4xx_fsmc.o(i.FSMC_PCCARDInit), (102 bytes).
    Removing stm32f4xx_fsmc.o(i.FSMC_PCCARDStructInit), (60 bytes).
    Removing stm32f4xx_usart.o(.emb_text), (8 bytes).
    Removing stm32f4xx_usart.o(i.USART_ClearFlag), (6 bytes).
    Removing stm32f4xx_usart.o(i.USART_ClearITPendingBit), (12 bytes).
    Removing stm32f4xx_usart.o(i.USART_ClockInit), (28 bytes).
    Removing stm32f4xx_usart.o(i.USART_ClockStructInit), (12 bytes).
    Removing stm32f4xx_usart.o(i.USART_Cmd), (20 bytes).
    Removing stm32f4xx_usart.o(i.USART_DMACmd), (16 bytes).
    Removing stm32f4xx_usart.o(i.USART_DeInit), (140 bytes).
    Removing stm32f4xx_usart.o(i.USART_GetFlagStatus), (14 bytes).
    Removing stm32f4xx_usart.o(i.USART_GetITStatus), (62 bytes).
    Removing stm32f4xx_usart.o(i.USART_HalfDuplexCmd), (20 bytes).
    Removing stm32f4xx_usart.o(i.USART_ITConfig), (48 bytes).
    Removing stm32f4xx_usart.o(i.USART_Init), (172 bytes).
    Removing stm32f4xx_usart.o(i.USART_IrDACmd), (20 bytes).
    Removing stm32f4xx_usart.o(i.USART_IrDAConfig), (16 bytes).
    Removing stm32f4xx_usart.o(i.USART_LINBreakDetectLengthConfig), (16 bytes).
    Removing stm32f4xx_usart.o(i.USART_LINCmd), (20 bytes).
    Removing stm32f4xx_usart.o(i.USART_OneBitMethodCmd), (20 bytes).
    Removing stm32f4xx_usart.o(i.USART_OverSampling8Cmd), (20 bytes).
    Removing stm32f4xx_usart.o(i.USART_ReceiveData), (8 bytes).
    Removing stm32f4xx_usart.o(i.USART_ReceiverWakeUpCmd), (20 bytes).
    Removing stm32f4xx_usart.o(i.USART_SendBreak), (10 bytes).
    Removing stm32f4xx_usart.o(i.USART_SendData), (8 bytes).
    Removing stm32f4xx_usart.o(i.USART_SetAddress), (16 bytes).
    Removing stm32f4xx_usart.o(i.USART_SetGuardTime), (16 bytes).
    Removing stm32f4xx_usart.o(i.USART_SetPrescaler), (16 bytes).
    Removing stm32f4xx_usart.o(i.USART_SmartCardCmd), (20 bytes).
    Removing stm32f4xx_usart.o(i.USART_SmartCardNACKCmd), (20 bytes).
    Removing stm32f4xx_usart.o(i.USART_StructInit), (22 bytes).
    Removing stm32f4xx_usart.o(i.USART_WakeUpConfig), (16 bytes).
    Removing stm32f4xx_tim.o(.emb_text), (8 bytes).
    Removing stm32f4xx_tim.o(i.TIM_BDTRConfig), (34 bytes).
    Removing stm32f4xx_tim.o(i.TIM_BDTRStructInit), (18 bytes).
    Removing stm32f4xx_tim.o(i.TIM_CCPreloadControl), (20 bytes).
    Removing stm32f4xx_tim.o(i.TIM_CCxCmd), (22 bytes).
    Removing stm32f4xx_tim.o(i.TIM_CCxNCmd), (22 bytes).
    Removing stm32f4xx_tim.o(i.TIM_ClearFlag), (6 bytes).
    Removing stm32f4xx_tim.o(i.TIM_ClearOC1Ref), (12 bytes).
    Removing stm32f4xx_tim.o(i.TIM_ClearOC2Ref), (20 bytes).
    Removing stm32f4xx_tim.o(i.TIM_ClearOC3Ref), (12 bytes).
    Removing stm32f4xx_tim.o(i.TIM_ClearOC4Ref), (20 bytes).
    Removing stm32f4xx_tim.o(i.TIM_CounterModeConfig), (12 bytes).
    Removing stm32f4xx_tim.o(i.TIM_DMACmd), (16 bytes).
    Removing stm32f4xx_tim.o(i.TIM_DMAConfig), (8 bytes).
    Removing stm32f4xx_tim.o(i.TIM_DeInit), (336 bytes).
    Removing stm32f4xx_tim.o(i.TIM_ETRClockMode1Config), (18 bytes).
    Removing stm32f4xx_tim.o(i.TIM_ETRClockMode2Config), (18 bytes).
    Removing stm32f4xx_tim.o(i.TIM_ETRConfig), (24 bytes).
    Removing stm32f4xx_tim.o(i.TIM_EncoderInterfaceConfig), (50 bytes).
    Removing stm32f4xx_tim.o(i.TIM_ForcedOC1Config), (12 bytes).
    Removing stm32f4xx_tim.o(i.TIM_ForcedOC2Config), (20 bytes).
    Removing stm32f4xx_tim.o(i.TIM_ForcedOC3Config), (12 bytes).
    Removing stm32f4xx_tim.o(i.TIM_ForcedOC4Config), (20 bytes).
    Removing stm32f4xx_tim.o(i.TIM_GenerateEvent), (4 bytes).
    Removing stm32f4xx_tim.o(i.TIM_GetCapture3), (4 bytes).
    Removing stm32f4xx_tim.o(i.TIM_GetCapture4), (4 bytes).
    Removing stm32f4xx_tim.o(i.TIM_GetCounter), (4 bytes).
    Removing stm32f4xx_tim.o(i.TIM_GetFlagStatus), (14 bytes).
    Removing stm32f4xx_tim.o(i.TIM_GetITStatus), (24 bytes).
    Removing stm32f4xx_tim.o(i.TIM_GetPrescaler), (4 bytes).
    Removing stm32f4xx_tim.o(i.TIM_ICInit), (172 bytes).
    Removing stm32f4xx_tim.o(i.TIM_ICStructInit), (16 bytes).
    Removing stm32f4xx_tim.o(i.TIM_ITRxExternalClockConfig), (18 bytes).
    Removing stm32f4xx_tim.o(i.TIM_InternalClockConfig), (10 bytes).
    Removing stm32f4xx_tim.o(i.TIM_OC1FastConfig), (12 bytes).
    Removing stm32f4xx_tim.o(i.TIM_OC1NPolarityConfig), (12 bytes).
    Removing stm32f4xx_tim.o(i.TIM_OC1PolarityConfig), (12 bytes).
    Removing stm32f4xx_tim.o(i.TIM_OC2FastConfig), (20 bytes).
    Removing stm32f4xx_tim.o(i.TIM_OC2NPolarityConfig), (20 bytes).
    Removing stm32f4xx_tim.o(i.TIM_OC2PolarityConfig), (20 bytes).
    Removing stm32f4xx_tim.o(i.TIM_OC3FastConfig), (12 bytes).
    Removing stm32f4xx_tim.o(i.TIM_OC3NPolarityConfig), (20 bytes).
    Removing stm32f4xx_tim.o(i.TIM_OC3PolarityConfig), (20 bytes).
    Removing stm32f4xx_tim.o(i.TIM_OC4FastConfig), (20 bytes).
    Removing stm32f4xx_tim.o(i.TIM_OC4PolarityConfig), (20 bytes).
    Removing stm32f4xx_tim.o(i.TIM_OCStructInit), (20 bytes).
    Removing stm32f4xx_tim.o(i.TIM_PrescalerConfig), (6 bytes).
    Removing stm32f4xx_tim.o(i.TIM_RemapConfig), (6 bytes).
    Removing stm32f4xx_tim.o(i.TIM_SelectCCDMA), (20 bytes).
    Removing stm32f4xx_tim.o(i.TIM_SelectCOM), (20 bytes).
    Removing stm32f4xx_tim.o(i.TIM_SelectHallSensor), (20 bytes).
    Removing stm32f4xx_tim.o(i.TIM_SelectOCxM), (74 bytes).
    Removing stm32f4xx_tim.o(i.TIM_SelectOnePulseMode), (16 bytes).
    Removing stm32f4xx_tim.o(i.TIM_SelectOutputTrigger), (16 bytes).
    Removing stm32f4xx_tim.o(i.TIM_SetAutoreload), (4 bytes).
    Removing stm32f4xx_tim.o(i.TIM_SetClockDivision), (16 bytes).
    Removing stm32f4xx_tim.o(i.TIM_SetCounter), (4 bytes).
    Removing stm32f4xx_tim.o(i.TIM_SetIC3Prescaler), (16 bytes).
    Removing stm32f4xx_tim.o(i.TIM_SetIC4Prescaler), (24 bytes).
    Removing stm32f4xx_tim.o(i.TIM_TIxExternalClockConfig), (46 bytes).
    Removing stm32f4xx_tim.o(i.TIM_TimeBaseStructInit), (18 bytes).
    Removing stm32f4xx_tim.o(i.TIM_UpdateDisableConfig), (20 bytes).
    Removing stm32f4xx_tim.o(i.TIM_UpdateRequestConfig), (20 bytes).
    Removing startup_stm32f4xx.o(HEAP), (512 bytes).
    Removing system_stm32f4xx.o(.emb_text), (8 bytes).
    Removing system_stm32f4xx.o(i.SystemCoreClockUpdate), (124 bytes).
    Removing system_stm32f4xx.o(.ARM.exidx), (8 bytes).
    Removing system_stm32f4xx.o(.ARM.exidx), (8 bytes).
    Removing system_stm32f4xx.o(.ARM.exidx), (8 bytes).
    Removing system_stm32f4xx.o(.data), (20 bytes).
    Removing pin.o(.emb_text), (8 bytes).
    Removing pin.o(.ARM.exidx), (8 bytes).
    Removing pin.o(.ARM.exidx), (8 bytes).
    Removing pin.o(.ARM.exidx), (8 bytes).
    Removing pin.o(.ARM.exidx), (8 bytes).
    Removing timer.o(.emb_text), (8 bytes).
    Removing timer.o(.ARM.exidx), (8 bytes).
    Removing timer.o(.ARM.exidx), (8 bytes).
    Removing timer.o(.ARM.exidx), (8 bytes).
    Removing timer.o(.ARM.exidx), (8 bytes).
    Removing timer.o(.ARM.exidx), (8 bytes).
    Removing timer.o(.ARM.exidx), (8 bytes).
    Removing timer.o(.ARM.exidx), (8 bytes).
    Removing timer.o(.ARM.exidx), (8 bytes).
    Removing timer.o(.ARM.exidx), (8 bytes).
    Removing timer.o(.ARM.exidx), (8 bytes).
    Removing pwm.o(.emb_text), (8 bytes).
    Removing pwm.o(i._ZN3PWM8get_dutyEv), (6 bytes).
    Removing pwm.o(.ARM.exidx), (8 bytes).
    Removing pwm.o(.ARM.exidx), (8 bytes).
    Removing pwm.o(.ARM.exidx), (8 bytes).
    Removing pwm.o(.ARM.exidx), (8 bytes).
    Removing motor.o(.emb_text), (8 bytes).
    Removing motor.o(i._ZN5Motor8get_dutyEv), (6 bytes).
    Removing motor.o(.ARM.exidx), (8 bytes).
    Removing motor.o(.ARM.exidx), (8 bytes).
    Removing motor.o(.ARM.exidx), (8 bytes).
    Removing motor.o(.ARM.exidx), (8 bytes).
    Removing motor.o(.ARM.exidx), (8 bytes).
    Removing stick.o(i._ZN5Stick11seft_invertEv), (18 bytes).
    Removing stick.o(.ARM.exidx), (8 bytes).
    Removing stick.o(.ARM.exidx), (8 bytes).
    Removing stick.o(.ARM.exidx), (8 bytes).
    Removing stick.o(.ARM.exidx), (8 bytes).
    Removing stick.o(.ARM.exidx), (8 bytes).
    Removing stick.o(.ARM.exidx), (8 bytes).
    Removing receiver.o(.ARM.exidx), (8 bytes).
    Removing receiver.o(.ARM.exidx), (8 bytes).
    Removing delay_1.o(.ARM.exidx), (8 bytes).
    Removing formatter_1.o(i.float_to_string), (92 bytes).
    Removing formatter_1.o(i.int_to_string), (42 bytes).
    Removing formatter_1.o(i.int_to_string_w), (70 bytes).
    Removing formatter_1.o(i.str_cat), (46 bytes).
    Removing formatter_1.o(i.str_cpy), (22 bytes).
    Removing formatter_1.o(i.str_invert), (32 bytes).
    Removing formatter_1.o(i.str_len), (18 bytes).
    Removing formatter_1.o(.ARM.exidx), (8 bytes).
    Removing formatter_1.o(.ARM.exidx), (8 bytes).
    Removing formatter_1.o(.ARM.exidx), (8 bytes).
    Removing formatter_1.o(.ARM.exidx), (8 bytes).
    Removing formatter_1.o(.ARM.exidx), (8 bytes).
    Removing formatter_1.o(.ARM.exidx), (8 bytes).
    Removing formatter_1.o(.ARM.exidx), (8 bytes).

279 unused section(s) (total 7434 bytes) removed from the image.

==============================================================================

Image Symbol Table

    Local Symbols

    Symbol Name                              Value     Ov Type        Size  Object(Section)

    ../clib/microlib/cpp/cpp_init.c          0x00000000   Number         0  cpp_init.o ABSOLUTE
    ../clib/microlib/cpp/cpp_init.c          0x00000000   Number         0  cpp_init.o ABSOLUTE
    ../clib/microlib/init/entry.s            0x00000000   Number         0  entry11b.o ABSOLUTE
    ../clib/microlib/init/entry.s            0x00000000   Number         0  entry9a.o ABSOLUTE
    ../clib/microlib/init/entry.s            0x00000000   Number         0  entry8a.o ABSOLUTE
    ../clib/microlib/init/entry.s            0x00000000   Number         0  entry8b.o ABSOLUTE
    ../clib/microlib/init/entry.s            0x00000000   Number         0  entry2.o ABSOLUTE
    ../clib/microlib/init/entry.s            0x00000000   Number         0  entry5.o ABSOLUTE
    ../clib/microlib/init/entry.s            0x00000000   Number         0  entry10a.o ABSOLUTE
    ../clib/microlib/init/entry.s            0x00000000   Number         0  entry7a.o ABSOLUTE
    ../clib/microlib/init/entry.s            0x00000000   Number         0  entry.o ABSOLUTE
    ../clib/microlib/init/entry.s            0x00000000   Number         0  entry7b.o ABSOLUTE
    ../clib/microlib/init/entry.s            0x00000000   Number         0  entry9b.o ABSOLUTE
    ../clib/microlib/init/entry.s            0x00000000   Number         0  entry11a.o ABSOLUTE
    ../clib/microlib/init/entry.s            0x00000000   Number         0  entry10b.o ABSOLUTE
    ../clib/microlib/longlong.c              0x00000000   Number         0  llshl.o ABSOLUTE
    ../clib/microlib/longlong.c              0x00000000   Number         0  llushr.o ABSOLUTE
    ../clib/microlib/longlong.c              0x00000000   Number         0  llsshr.o ABSOLUTE
    ../clib/microlib/string/memcpy.c         0x00000000   Number         0  memcpya.o ABSOLUTE
    ../clib/microlib/string/memcpy.c         0x00000000   Number         0  memcpyb.o ABSOLUTE
    ../clib/microlib/stubs.s                 0x00000000   Number         0  iusefp.o ABSOLUTE
    ../fplib/microlib/d2f.c                  0x00000000   Number         0  d2f.o ABSOLUTE
    ../fplib/microlib/f2d.c                  0x00000000   Number         0  f2d.o ABSOLUTE
    ../fplib/microlib/fpadd.c                0x00000000   Number         0  dadd.o ABSOLUTE
    ../fplib/microlib/fpdiv.c                0x00000000   Number         0  ddiv.o ABSOLUTE
    ../fplib/microlib/fpepilogue.c           0x00000000   Number         0  depilogue.o ABSOLUTE
    ../fplib/microlib/fpepilogue.c           0x00000000   Number         0  fepilogue.o ABSOLUTE
    ../fplib/microlib/fpfix.c                0x00000000   Number         0  dfixui.o ABSOLUTE
    ../fplib/microlib/fpflt.c                0x00000000   Number         0  dfltui.o ABSOLUTE
    ../fplib/microlib/fpmul.c                0x00000000   Number         0  dmul.o ABSOLUTE
    ..\STM32F4-Discovery_FW_V1.1.0\Libraries\CMSIS\ST\STM32F4xx\Source\Templates\arm\startup_stm32f4xx.s 0x00000000   Number         0  startup_stm32f4xx.o ABSOLUTE
    ..\STM32F4-Discovery_FW_V1.1.0\Libraries\STM32F4xx_StdPeriph_Driver\src\misc.c 0x00000000   Number         0  misc.o ABSOLUTE
    ..\STM32F4-Discovery_FW_V1.1.0\Libraries\STM32F4xx_StdPeriph_Driver\src\stm32f4xx_exti.c 0x00000000   Number         0  stm32f4xx_exti.o ABSOLUTE
    ..\STM32F4-Discovery_FW_V1.1.0\Libraries\STM32F4xx_StdPeriph_Driver\src\stm32f4xx_fsmc.c 0x00000000   Number         0  stm32f4xx_fsmc.o ABSOLUTE
    ..\STM32F4-Discovery_FW_V1.1.0\Libraries\STM32F4xx_StdPeriph_Driver\src\stm32f4xx_gpio.c 0x00000000   Number         0  stm32f4xx_gpio.o ABSOLUTE
    ..\STM32F4-Discovery_FW_V1.1.0\Libraries\STM32F4xx_StdPeriph_Driver\src\stm32f4xx_rcc.c 0x00000000   Number         0  stm32f4xx_rcc.o ABSOLUTE
    ..\STM32F4-Discovery_FW_V1.1.0\Libraries\STM32F4xx_StdPeriph_Driver\src\stm32f4xx_syscfg.c 0x00000000   Number         0  stm32f4xx_syscfg.o ABSOLUTE
    ..\STM32F4-Discovery_FW_V1.1.0\Libraries\STM32F4xx_StdPeriph_Driver\src\stm32f4xx_tim.c 0x00000000   Number         0  stm32f4xx_tim.o ABSOLUTE
    ..\STM32F4-Discovery_FW_V1.1.0\Libraries\STM32F4xx_StdPeriph_Driver\src\stm32f4xx_usart.c 0x00000000   Number         0  stm32f4xx_usart.o ABSOLUTE
    ..\STM32F4-Discovery_FW_V1.1.0\Utilities\STM32F4-Discovery\stm32f4_discovery.c 0x00000000   Number         0  stm32f4_discovery.o ABSOLUTE
    ..\\STM32F4-Discovery_FW_V1.1.0\\Libraries\\STM32F4xx_StdPeriph_Driver\\src\\misc.c 0x00000000   Number         0  misc.o ABSOLUTE
    ..\\STM32F4-Discovery_FW_V1.1.0\\Libraries\\STM32F4xx_StdPeriph_Driver\\src\\stm32f4xx_exti.c 0x00000000   Number         0  stm32f4xx_exti.o ABSOLUTE
    ..\\STM32F4-Discovery_FW_V1.1.0\\Libraries\\STM32F4xx_StdPeriph_Driver\\src\\stm32f4xx_fsmc.c 0x00000000   Number         0  stm32f4xx_fsmc.o ABSOLUTE
    ..\\STM32F4-Discovery_FW_V1.1.0\\Libraries\\STM32F4xx_StdPeriph_Driver\\src\\stm32f4xx_gpio.c 0x00000000   Number         0  stm32f4xx_gpio.o ABSOLUTE
    ..\\STM32F4-Discovery_FW_V1.1.0\\Libraries\\STM32F4xx_StdPeriph_Driver\\src\\stm32f4xx_rcc.c 0x00000000   Number         0  stm32f4xx_rcc.o ABSOLUTE
    ..\\STM32F4-Discovery_FW_V1.1.0\\Libraries\\STM32F4xx_StdPeriph_Driver\\src\\stm32f4xx_syscfg.c 0x00000000   Number         0  stm32f4xx_syscfg.o ABSOLUTE
    ..\\STM32F4-Discovery_FW_V1.1.0\\Libraries\\STM32F4xx_StdPeriph_Driver\\src\\stm32f4xx_tim.c 0x00000000   Number         0  stm32f4xx_tim.o ABSOLUTE
    ..\\STM32F4-Discovery_FW_V1.1.0\\Libraries\\STM32F4xx_StdPeriph_Driver\\src\\stm32f4xx_usart.c 0x00000000   Number         0  stm32f4xx_usart.o ABSOLUTE
    ..\\STM32F4-Discovery_FW_V1.1.0\\Utilities\\STM32F4-Discovery\\stm32f4_discovery.c 0x00000000   Number         0  stm32f4_discovery.o ABSOLUTE
    Aircraft.cpp                             0x00000000   Number         0  aircraft.o ABSOLUTE
    Aircraft.cpp                             0x00000000   Number         0  aircraft.o ABSOLUTE
    Drivers\PWM.cpp                          0x00000000   Number         0  pwm.o ABSOLUTE
    Drivers\Pin.cpp                          0x00000000   Number         0  pin.o ABSOLUTE
    Drivers\Timer.cpp                        0x00000000   Number         0  timer.o ABSOLUTE
    Drivers\\PWM.cpp                         0x00000000   Number         0  pwm.o ABSOLUTE
    Drivers\\Pin.cpp                         0x00000000   Number         0  pin.o ABSOLUTE
    Drivers\\Timer.cpp                       0x00000000   Number         0  timer.o ABSOLUTE
    Misc\Delay.cpp                           0x00000000   Number         0  delay_1.o ABSOLUTE
    Misc\Formatter.cpp                       0x00000000   Number         0  formatter_1.o ABSOLUTE
    Utilities\Motor.cpp                      0x00000000   Number         0  motor.o ABSOLUTE
    Utilities\Receiver.cpp                   0x00000000   Number         0  receiver.o ABSOLUTE
    Utilities\Stick.cpp                      0x00000000   Number         0  stick.o ABSOLUTE
    Utilities\\Motor.cpp                     0x00000000   Number         0  motor.o ABSOLUTE
    dc.s                                     0x00000000   Number         0  dc.o ABSOLUTE
    handlers.s                               0x00000000   Number         0  handlers.o ABSOLUTE
    init.s                                   0x00000000   Number         0  init.o ABSOLUTE
    stm32f4xx_it.cpp                         0x00000000   Number         0  stm32f4xx_it.o ABSOLUTE
    stm32f4xx_it.cpp                         0x00000000   Number         0  stm32f4xx_it.o ABSOLUTE
    system_stm32f4xx.cpp                     0x00000000   Number         0  system_stm32f4xx.o ABSOLUTE
    system_stm32f4xx.cpp                     0x00000000   Number         0  system_stm32f4xx.o ABSOLUTE
    RESET                                    0x08000000   Section      392  startup_stm32f4xx.o(RESET)
    .ARM.Collect$$$$00000000                 0x08000188   Section        0  entry.o(.ARM.Collect$$$$00000000)
    .ARM.Collect$$$$00000001                 0x08000188   Section        4  entry2.o(.ARM.Collect$$$$00000001)
    .ARM.Collect$$$$00000004                 0x0800018c   Section        4  entry5.o(.ARM.Collect$$$$00000004)
    .ARM.Collect$$$$00000008                 0x08000190   Section        0  entry7b.o(.ARM.Collect$$$$00000008)
    .ARM.Collect$$$$00000009                 0x08000190   Section        4  entry8a.o(.ARM.Collect$$$$00000009)
    .ARM.Collect$$$$0000000A                 0x08000194   Section        0  entry8b.o(.ARM.Collect$$$$0000000A)
    .ARM.Collect$$$$0000000B                 0x08000194   Section        8  entry9a.o(.ARM.Collect$$$$0000000B)
    .ARM.Collect$$$$0000000D                 0x0800019c   Section        0  entry10a.o(.ARM.Collect$$$$0000000D)
    .ARM.Collect$$$$0000000F                 0x0800019c   Section        0  entry11a.o(.ARM.Collect$$$$0000000F)
    .ARM.Collect$$$$00002712                 0x0800019c   Section        4  entry2.o(.ARM.Collect$$$$00002712)
    __lit__00000000                          0x0800019c   Data           4  entry2.o(.ARM.Collect$$$$00002712)
    .text                                    0x080001a0   Section       36  startup_stm32f4xx.o(.text)
    $v0                                      0x080001a0   Number         0  startup_stm32f4xx.o(.text)
    .text                                    0x080001c4   Section        0  memcpya.o(.text)
    .text                                    0x080001e8   Section        0  cpp_init.o(.text)
    .text                                    0x08000208   Section        0  dadd.o(.text)
    .text                                    0x08000356   Section        0  dmul.o(.text)
    .text                                    0x0800043a   Section        0  ddiv.o(.text)
    .text                                    0x08000518   Section        0  dfltui.o(.text)
    .text                                    0x08000532   Section        0  dfixui.o(.text)
    .text                                    0x08000564   Section        0  f2d.o(.text)
    .text                                    0x0800058a   Section        0  d2f.o(.text)
    .text                                    0x080005c2   Section        0  llshl.o(.text)
    .text                                    0x080005e0   Section        0  llushr.o(.text)
    .text                                    0x08000600   Section        0  llsshr.o(.text)
    .text                                    0x08000624   Section        0  fepilogue.o(.text)
    .text                                    0x08000624   Section        0  iusefp.o(.text)
    .text                                    0x08000692   Section        0  depilogue.o(.text)
    .text                                    0x0800074c   Section       36  init.o(.text)
    i.Aircraft_Init                          0x08000770   Section        0  aircraft.o(i.Aircraft_Init)
    i.BusFault_Handler                       0x08000904   Section        0  stm32f4xx_it.o(i.BusFault_Handler)
    i.DebugMon_Handler                       0x08000906   Section        0  stm32f4xx_it.o(i.DebugMon_Handler)
    i.Delay                                  0x08000908   Section        0  delay_1.o(i.Delay)
    i.GPIO_Init                              0x08000912   Section        0  stm32f4xx_gpio.o(i.GPIO_Init)
    i.GPIO_PinAFConfig                       0x080009b4   Section        0  stm32f4xx_gpio.o(i.GPIO_PinAFConfig)
    i.GPIO_ResetBits                         0x080009d4   Section        0  stm32f4xx_gpio.o(i.GPIO_ResetBits)
    i.GPIO_ToggleBits                        0x080009d8   Section        0  stm32f4xx_gpio.o(i.GPIO_ToggleBits)
    i.HardFault_Handler                      0x080009e0   Section        0  stm32f4xx_it.o(i.HardFault_Handler)
    i.MemManage_Handler                      0x080009e2   Section        0  stm32f4xx_it.o(i.MemManage_Handler)
    i.NMI_Handler                            0x080009e4   Section        0  stm32f4xx_it.o(i.NMI_Handler)
    i.NVIC_Init                              0x080009e8   Section        0  misc.o(i.NVIC_Init)
    i.PendSV_Handler                         0x08000a4c   Section        0  stm32f4xx_it.o(i.PendSV_Handler)
    i.RCC_AHB1PeriphClockCmd                 0x08000a50   Section        0  stm32f4xx_rcc.o(i.RCC_AHB1PeriphClockCmd)
    i.RCC_APB1PeriphClockCmd                 0x08000a68   Section        0  stm32f4xx_rcc.o(i.RCC_APB1PeriphClockCmd)
    i.RCC_APB2PeriphClockCmd                 0x08000a80   Section        0  stm32f4xx_rcc.o(i.RCC_APB2PeriphClockCmd)
    i.SVC_Handler                            0x08000a98   Section        0  stm32f4xx_it.o(i.SVC_Handler)
    i.SysTick_Handler                        0x08000a9a   Section        0  stm32f4xx_it.o(i.SysTick_Handler)
    i.SystemInit                             0x08000a9c   Section        0  system_stm32f4xx.o(i.SystemInit)
    i.TI1_Config                             0x08000af8   Section        0  stm32f4xx_tim.o(i.TI1_Config)
    TI1_Config                               0x08000af9   Thumb Code    46  stm32f4xx_tim.o(i.TI1_Config)
    i.TI2_Config                             0x08000b26   Section        0  stm32f4xx_tim.o(i.TI2_Config)
    TI2_Config                               0x08000b27   Thumb Code    54  stm32f4xx_tim.o(i.TI2_Config)
    i.TIM2_IRQHandler                        0x08000b5c   Section        0  aircraft.o(i.TIM2_IRQHandler)
    i.TIM3_IRQHandler                        0x08000b68   Section        0  aircraft.o(i.TIM3_IRQHandler)
    i.TIM4_IRQHandler                        0x08000b74   Section        0  aircraft.o(i.TIM4_IRQHandler)
    i.TIM5_IRQHandler                        0x08000b80   Section        0  aircraft.o(i.TIM5_IRQHandler)
    i.TIM8_UP_TIM13_IRQHandler               0x08000b8c   Section        0  aircraft.o(i.TIM8_UP_TIM13_IRQHandler)
    i.TIM_ARRPreloadConfig                   0x08000bfc   Section        0  stm32f4xx_tim.o(i.TIM_ARRPreloadConfig)
    i.TIM_ClearITPendingBit                  0x08000c10   Section        0  stm32f4xx_tim.o(i.TIM_ClearITPendingBit)
    i.TIM_Cmd                                0x08000c16   Section        0  stm32f4xx_tim.o(i.TIM_Cmd)
    i.TIM_CtrlPWMOutputs                     0x08000c2a   Section        0  stm32f4xx_tim.o(i.TIM_CtrlPWMOutputs)
    i.TIM_GetCapture1                        0x08000c40   Section        0  stm32f4xx_tim.o(i.TIM_GetCapture1)
    i.TIM_GetCapture2                        0x08000c44   Section        0  stm32f4xx_tim.o(i.TIM_GetCapture2)
    i.TIM_ITConfig                           0x08000c48   Section        0  stm32f4xx_tim.o(i.TIM_ITConfig)
    i.TIM_OC1Init                            0x08000c58   Section        0  stm32f4xx_tim.o(i.TIM_OC1Init)
    i.TIM_OC1PreloadConfig                   0x08000cb8   Section        0  stm32f4xx_tim.o(i.TIM_OC1PreloadConfig)
    i.TIM_OC2Init                            0x08000cc4   Section        0  stm32f4xx_tim.o(i.TIM_OC2Init)
    i.TIM_OC2PreloadConfig                   0x08000d44   Section        0  stm32f4xx_tim.o(i.TIM_OC2PreloadConfig)
    i.TIM_OC3Init                            0x08000d58   Section        0  stm32f4xx_tim.o(i.TIM_OC3Init)
    i.TIM_OC3PreloadConfig                   0x08000dd4   Section        0  stm32f4xx_tim.o(i.TIM_OC3PreloadConfig)
    i.TIM_OC4Init                            0x08000de0   Section        0  stm32f4xx_tim.o(i.TIM_OC4Init)
    i.TIM_OC4PreloadConfig                   0x08000e40   Section        0  stm32f4xx_tim.o(i.TIM_OC4PreloadConfig)
    i.TIM_PWMIConfig                         0x08000e54   Section        0  stm32f4xx_tim.o(i.TIM_PWMIConfig)
    i.TIM_SelectInputTrigger                 0x08000ec0   Section        0  stm32f4xx_tim.o(i.TIM_SelectInputTrigger)
    i.TIM_SelectMasterSlaveMode              0x08000ecc   Section        0  stm32f4xx_tim.o(i.TIM_SelectMasterSlaveMode)
    i.TIM_SelectSlaveMode                    0x08000edc   Section        0  stm32f4xx_tim.o(i.TIM_SelectSlaveMode)
    i.TIM_SetCompare1                        0x08000eec   Section        0  stm32f4xx_tim.o(i.TIM_SetCompare1)
    i.TIM_SetCompare2                        0x08000ef0   Section        0  stm32f4xx_tim.o(i.TIM_SetCompare2)
    i.TIM_SetCompare3                        0x08000ef4   Section        0  stm32f4xx_tim.o(i.TIM_SetCompare3)
    i.TIM_SetCompare4                        0x08000ef8   Section        0  stm32f4xx_tim.o(i.TIM_SetCompare4)
    i.TIM_SetIC1Prescaler                    0x08000efc   Section        0  stm32f4xx_tim.o(i.TIM_SetIC1Prescaler)
    i.TIM_SetIC2Prescaler                    0x08000f0c   Section        0  stm32f4xx_tim.o(i.TIM_SetIC2Prescaler)
    i.TIM_TimeBaseInit                       0x08000f24   Section        0  stm32f4xx_tim.o(i.TIM_TimeBaseInit)
    i.UsageFault_Handler                     0x08000fa0   Section        0  stm32f4xx_it.o(i.UsageFault_Handler)
    i._Z11SetSysClockv                       0x08000fa4   Section        0  system_stm32f4xx.o(i._Z11SetSysClockv)
    SetSysClock()                            0x08000fa5   Thumb Code   162  system_stm32f4xx.o(i._Z11SetSysClockv)
    i._ZN3PWM8set_dutyEf                     0x08001058   Section        0  pwm.o(i._ZN3PWM8set_dutyEf)
    i._ZN3PWMC1Ejfhh10PinTypedef             0x08001066   Section        0  pwm.o(i._ZN3PWMC1Ejfhh10PinTypedef)
    i._ZN3PWMC1Ev                            0x080010cc   Section        0  pwm.o(i._ZN3PWMC1Ev)
    i._ZN3Pin14mode_pwm_inputEh              0x080010d8   Section        0  pin.o(i._ZN3Pin14mode_pwm_inputEh)
    i._ZN3Pin15eval_propertiesE10PinTypedef  0x0800110c   Section        0  pin.o(i._ZN3Pin15eval_propertiesE10PinTypedef)
    i._ZN3Pin15mode_pwm_outputEh             0x080011b4   Section        0  pin.o(i._ZN3Pin15mode_pwm_outputEh)
    i._ZN3PinC1E10PinTypedef                 0x080011e8   Section        0  pin.o(i._ZN3PinC1E10PinTypedef)
    i._ZN5Motor10limit_dutyEf                0x08001200   Section        0  motor.o(i._ZN5Motor10limit_dutyEf)
    i._ZN5Motor8set_dutyEf                   0x08001230   Section        0  motor.o(i._ZN5Motor8set_dutyEf)
    i._ZN5MotorC1Ejfhh10PinTypedef           0x08001246   Section        0  motor.o(i._ZN5MotorC1Ejfhh10PinTypedef)
    i._ZN5MotorC1Ev                          0x0800128a   Section        0  motor.o(i._ZN5MotorC1Ev)
    i._ZN5Stick12get_now_dutyEf              0x0800128e   Section        0  stick.o(i._ZN5Stick12get_now_dutyEf)
    i._ZN5Stick12seft_convertEv              0x08001296   Section        0  stick.o(i._ZN5Stick12seft_convertEv)
    i._ZN5Stick16seft_standardizeEv          0x080012b8   Section        0  stick.o(i._ZN5Stick16seft_standardizeEv)
    i._ZN5StickC1Efff9DATA_MODE              0x08001310   Section        0  stick.o(i._ZN5StickC1Efff9DATA_MODE)
    i._ZN5StickC1Ev                          0x08001312   Section        0  stick.o(i._ZN5StickC1Ev)
    i._ZN5Timer11GPIO_AF_TIMEP11TIM_TypeDef  0x08001314   Section        0  timer.o(i._ZN5Timer11GPIO_AF_TIMEP11TIM_TypeDef)
    i._ZN5Timer11config_IRQnEv               0x0800133a   Section        0  timer.o(i._ZN5Timer11config_IRQnEv)
    i._ZN5Timer13config_PeriphEv             0x0800136c   Section        0  timer.o(i._ZN5Timer13config_PeriphEv)
    i._ZN5Timer14mode_pwm_inputE10PinTypedef 0x080013dc   Section        0  timer.o(i._ZN5Timer14mode_pwm_inputE10PinTypedef)
    i._ZN5Timer15mode_pwm_outputEffh10PinTypedef 0x080014b0   Section        0  timer.o(i._ZN5Timer15mode_pwm_outputEffh10PinTypedef)
    i._ZN5Timer17PWM_Input_HandlerEv         0x080015e8   Section        0  timer.o(i._ZN5Timer17PWM_Input_HandlerEv)
    i._ZN5Timer8mode_schEv                   0x08001674   Section        0  timer.o(i._ZN5Timer8mode_schEv)
    i._ZN5Timer8set_dutyEfh                  0x080016e4   Section        0  timer.o(i._ZN5Timer8set_dutyEfh)
    i._ZN5TimerC1Eh                          0x08001778   Section        0  timer.o(i._ZN5TimerC1Eh)
    i._ZN5TimerC1Ev                          0x08001824   Section        0  timer.o(i._ZN5TimerC1Ev)
    i._ZN8Receiver11update_dataEf            0x08001826   Section        0  receiver.o(i._ZN8Receiver11update_dataEf)
    i._ZN8ReceiverC1Ev                       0x0800182a   Section        0  receiver.o(i._ZN8ReceiverC1Ev)
    i.__scatterload_copy                     0x08001846   Section       14  handlers.o(i.__scatterload_copy)
    i.__scatterload_null                     0x08001854   Section        2  handlers.o(i.__scatterload_null)
    i.__scatterload_zeroinit                 0x08001856   Section       14  handlers.o(i.__scatterload_zeroinit)
    i.__sti___12_Aircraft_cpp_700c42bb       0x08001864   Section        0  aircraft.o(i.__sti___12_Aircraft_cpp_700c42bb)
    __sti___12_Aircraft_cpp_700c42bb         0x08001865   Thumb Code    92  aircraft.o(i.__sti___12_Aircraft_cpp_700c42bb)
    i.main                                   0x080018c8   Section        0  aircraft.o(i.main)
    .init_array                              0x0800190c   Section        4  aircraft.o(.init_array)
    .init_array                              0x08001910   Section        0  cpp_init.o(.init_array)
    .data                                    0x20000000   Section        8  aircraft.o(.data)
    .bss                                     0x20000008   Section      428  aircraft.o(.bss)
    STACK                                    0x200001b8   Section     1024  startup_stm32f4xx.o(STACK)

    Global Symbols

    Symbol Name                              Value     Ov Type        Size  Object(Section)

    BuildAttributes$$THM_ISAv4$E$P$D$K$B$S$7EM$VFPi3$EXTD16$VFPS$VFMA$PE$A:L22UL41UL21$X:L11$S22US41US21$IEEE1$IW$USESV6$~STKCKD$USESV7$~SHL$OTIME$ROPI$EBA8$MICROLIB$REQ8$PRES8$EABIv2 0x00000000   Number         0  anon$$obj.o ABSOLUTE
    __ARM_use_no_argv                        0x00000000   Number         0  aircraft.o ABSOLUTE
    __cxa_finalize                            - Undefined Weak Reference
    __decompress                              - Undefined Weak Reference
    _clock_init                               - Undefined Weak Reference
    _microlib_exit                            - Undefined Weak Reference
    __Vectors_Size                           0x00000188   Number         0  startup_stm32f4xx.o ABSOLUTE
    __Vectors                                0x08000000   Data           4  startup_stm32f4xx.o(RESET)
    __Vectors_End                            0x08000188   Data           0  startup_stm32f4xx.o(RESET)
    __main                                   0x08000189   Thumb Code     0  entry.o(.ARM.Collect$$$$00000000)
    _main_stk                                0x08000189   Thumb Code     0  entry2.o(.ARM.Collect$$$$00000001)
    _main_scatterload                        0x0800018d   Thumb Code     0  entry5.o(.ARM.Collect$$$$00000004)
    __main_after_scatterload                 0x08000191   Thumb Code     0  entry5.o(.ARM.Collect$$$$00000004)
    _main_clock                              0x08000191   Thumb Code     0  entry7b.o(.ARM.Collect$$$$00000008)
    _main_cpp_init$empty                     0x08000191   Thumb Code     0  entry8a.o(.ARM.Collect$$$$00000009)
    _main_cpp_init                           0x08000195   Thumb Code     0  entry8b.o(.ARM.Collect$$$$0000000A)
    _main_init                               0x08000195   Thumb Code     0  entry9a.o(.ARM.Collect$$$$0000000B)
    __rt_final_cpp                           0x0800019d   Thumb Code     0  entry10a.o(.ARM.Collect$$$$0000000D)
    __rt_final_exit                          0x0800019d   Thumb Code     0  entry11a.o(.ARM.Collect$$$$0000000F)
    Reset_Handler                            0x080001a1   Thumb Code     8  startup_stm32f4xx.o(.text)
    ADC_IRQHandler                           0x080001bb   Thumb Code     0  startup_stm32f4xx.o(.text)
    CAN1_RX0_IRQHandler                      0x080001bb   Thumb Code     0  startup_stm32f4xx.o(.text)
    CAN1_RX1_IRQHandler                      0x080001bb   Thumb Code     0  startup_stm32f4xx.o(.text)
    CAN1_SCE_IRQHandler                      0x080001bb   Thumb Code     0  startup_stm32f4xx.o(.text)
    CAN1_TX_IRQHandler                       0x080001bb   Thumb Code     0  startup_stm32f4xx.o(.text)
    CAN2_RX0_IRQHandler                      0x080001bb   Thumb Code     0  startup_stm32f4xx.o(.text)
    CAN2_RX1_IRQHandler                      0x080001bb   Thumb Code     0  startup_stm32f4xx.o(.text)
    CAN2_SCE_IRQHandler                      0x080001bb   Thumb Code     0  startup_stm32f4xx.o(.text)
    CAN2_TX_IRQHandler                       0x080001bb   Thumb Code     0  startup_stm32f4xx.o(.text)
    CRYP_IRQHandler                          0x080001bb   Thumb Code     0  startup_stm32f4xx.o(.text)
    DCMI_IRQHandler                          0x080001bb   Thumb Code     0  startup_stm32f4xx.o(.text)
    DMA1_Stream0_IRQHandler                  0x080001bb   Thumb Code     0  startup_stm32f4xx.o(.text)
    DMA1_Stream1_IRQHandler                  0x080001bb   Thumb Code     0  startup_stm32f4xx.o(.text)
    DMA1_Stream2_IRQHandler                  0x080001bb   Thumb Code     0  startup_stm32f4xx.o(.text)
    DMA1_Stream3_IRQHandler                  0x080001bb   Thumb Code     0  startup_stm32f4xx.o(.text)
    DMA1_Stream4_IRQHandler                  0x080001bb   Thumb Code     0  startup_stm32f4xx.o(.text)
    DMA1_Stream5_IRQHandler                  0x080001bb   Thumb Code     0  startup_stm32f4xx.o(.text)
    DMA1_Stream6_IRQHandler                  0x080001bb   Thumb Code     0  startup_stm32f4xx.o(.text)
    DMA1_Stream7_IRQHandler                  0x080001bb   Thumb Code     0  startup_stm32f4xx.o(.text)
    DMA2_Stream0_IRQHandler                  0x080001bb   Thumb Code     0  startup_stm32f4xx.o(.text)
    DMA2_Stream1_IRQHandler                  0x080001bb   Thumb Code     0  startup_stm32f4xx.o(.text)
    DMA2_Stream2_IRQHandler                  0x080001bb   Thumb Code     0  startup_stm32f4xx.o(.text)
    DMA2_Stream3_IRQHandler                  0x080001bb   Thumb Code     0  startup_stm32f4xx.o(.text)
    DMA2_Stream4_IRQHandler                  0x080001bb   Thumb Code     0  startup_stm32f4xx.o(.text)
    DMA2_Stream5_IRQHandler                  0x080001bb   Thumb Code     0  startup_stm32f4xx.o(.text)
    DMA2_Stream6_IRQHandler                  0x080001bb   Thumb Code     0  startup_stm32f4xx.o(.text)
    DMA2_Stream7_IRQHandler                  0x080001bb   Thumb Code     0  startup_stm32f4xx.o(.text)
    ETH_IRQHandler                           0x080001bb   Thumb Code     0  startup_stm32f4xx.o(.text)
    ETH_WKUP_IRQHandler                      0x080001bb   Thumb Code     0  startup_stm32f4xx.o(.text)
    EXTI0_IRQHandler                         0x080001bb   Thumb Code     0  startup_stm32f4xx.o(.text)
    EXTI15_10_IRQHandler                     0x080001bb   Thumb Code     0  startup_stm32f4xx.o(.text)
    EXTI1_IRQHandler                         0x080001bb   Thumb Code     0  startup_stm32f4xx.o(.text)
    EXTI2_IRQHandler                         0x080001bb   Thumb Code     0  startup_stm32f4xx.o(.text)
    EXTI3_IRQHandler                         0x080001bb   Thumb Code     0  startup_stm32f4xx.o(.text)
    EXTI4_IRQHandler                         0x080001bb   Thumb Code     0  startup_stm32f4xx.o(.text)
    EXTI9_5_IRQHandler                       0x080001bb   Thumb Code     0  startup_stm32f4xx.o(.text)
    FLASH_IRQHandler                         0x080001bb   Thumb Code     0  startup_stm32f4xx.o(.text)
    FPU_IRQHandler                           0x080001bb   Thumb Code     0  startup_stm32f4xx.o(.text)
    FSMC_IRQHandler                          0x080001bb   Thumb Code     0  startup_stm32f4xx.o(.text)
    HASH_RNG_IRQHandler                      0x080001bb   Thumb Code     0  startup_stm32f4xx.o(.text)
    I2C1_ER_IRQHandler                       0x080001bb   Thumb Code     0  startup_stm32f4xx.o(.text)
    I2C1_EV_IRQHandler                       0x080001bb   Thumb Code     0  startup_stm32f4xx.o(.text)
    I2C2_ER_IRQHandler                       0x080001bb   Thumb Code     0  startup_stm32f4xx.o(.text)
    I2C2_EV_IRQHandler                       0x080001bb   Thumb Code     0  startup_stm32f4xx.o(.text)
    I2C3_ER_IRQHandler                       0x080001bb   Thumb Code     0  startup_stm32f4xx.o(.text)
    I2C3_EV_IRQHandler                       0x080001bb   Thumb Code     0  startup_stm32f4xx.o(.text)
    OTG_FS_IRQHandler                        0x080001bb   Thumb Code     0  startup_stm32f4xx.o(.text)
    OTG_FS_WKUP_IRQHandler                   0x080001bb   Thumb Code     0  startup_stm32f4xx.o(.text)
    OTG_HS_EP1_IN_IRQHandler                 0x080001bb   Thumb Code     0  startup_stm32f4xx.o(.text)
    OTG_HS_EP1_OUT_IRQHandler                0x080001bb   Thumb Code     0  startup_stm32f4xx.o(.text)
    OTG_HS_IRQHandler                        0x080001bb   Thumb Code     0  startup_stm32f4xx.o(.text)
    OTG_HS_WKUP_IRQHandler                   0x080001bb   Thumb Code     0  startup_stm32f4xx.o(.text)
    PVD_IRQHandler                           0x080001bb   Thumb Code     0  startup_stm32f4xx.o(.text)
    RCC_IRQHandler                           0x080001bb   Thumb Code     0  startup_stm32f4xx.o(.text)
    RTC_Alarm_IRQHandler                     0x080001bb   Thumb Code     0  startup_stm32f4xx.o(.text)
    RTC_WKUP_IRQHandler                      0x080001bb   Thumb Code     0  startup_stm32f4xx.o(.text)
    SDIO_IRQHandler                          0x080001bb   Thumb Code     0  startup_stm32f4xx.o(.text)
    SPI1_IRQHandler                          0x080001bb   Thumb Code     0  startup_stm32f4xx.o(.text)
    SPI2_IRQHandler                          0x080001bb   Thumb Code     0  startup_stm32f4xx.o(.text)
    SPI3_IRQHandler                          0x080001bb   Thumb Code     0  startup_stm32f4xx.o(.text)
    TAMP_STAMP_IRQHandler                    0x080001bb   Thumb Code     0  startup_stm32f4xx.o(.text)
    TIM1_BRK_TIM9_IRQHandler                 0x080001bb   Thumb Code     0  startup_stm32f4xx.o(.text)
    TIM1_CC_IRQHandler                       0x080001bb   Thumb Code     0  startup_stm32f4xx.o(.text)
    TIM1_TRG_COM_TIM11_IRQHandler            0x080001bb   Thumb Code     0  startup_stm32f4xx.o(.text)
    TIM1_UP_TIM10_IRQHandler                 0x080001bb   Thumb Code     0  startup_stm32f4xx.o(.text)
    TIM6_DAC_IRQHandler                      0x080001bb   Thumb Code     0  startup_stm32f4xx.o(.text)
    TIM7_IRQHandler                          0x080001bb   Thumb Code     0  startup_stm32f4xx.o(.text)
    TIM8_BRK_TIM12_IRQHandler                0x080001bb   Thumb Code     0  startup_stm32f4xx.o(.text)
    TIM8_CC_IRQHandler                       0x080001bb   Thumb Code     0  startup_stm32f4xx.o(.text)
    TIM8_TRG_COM_TIM14_IRQHandler            0x080001bb   Thumb Code     0  startup_stm32f4xx.o(.text)
    UART4_IRQHandler                         0x080001bb   Thumb Code     0  startup_stm32f4xx.o(.text)
    UART5_IRQHandler                         0x080001bb   Thumb Code     0  startup_stm32f4xx.o(.text)
    USART1_IRQHandler                        0x080001bb   Thumb Code     0  startup_stm32f4xx.o(.text)
    USART2_IRQHandler                        0x080001bb   Thumb Code     0  startup_stm32f4xx.o(.text)
    USART3_IRQHandler                        0x080001bb   Thumb Code     0  startup_stm32f4xx.o(.text)
    USART6_IRQHandler                        0x080001bb   Thumb Code     0  startup_stm32f4xx.o(.text)
    WWDG_IRQHandler                          0x080001bb   Thumb Code     0  startup_stm32f4xx.o(.text)
    __aeabi_memcpy                           0x080001c5   Thumb Code    36  memcpya.o(.text)
    __aeabi_memcpy4                          0x080001c5   Thumb Code     0  memcpya.o(.text)
    __aeabi_memcpy8                          0x080001c5   Thumb Code     0  memcpya.o(.text)
    __cpp_initialize__aeabi_                 0x080001e9   Thumb Code    22  cpp_init.o(.text)
    __aeabi_dadd                             0x08000209   Thumb Code   322  dadd.o(.text)
    __aeabi_dsub                             0x0800034b   Thumb Code     6  dadd.o(.text)
    __aeabi_drsub                            0x08000351   Thumb Code     6  dadd.o(.text)
    __aeabi_dmul                             0x08000357   Thumb Code   228  dmul.o(.text)
    __aeabi_ddiv                             0x0800043b   Thumb Code   222  ddiv.o(.text)
    __aeabi_ui2d                             0x08000519   Thumb Code    26  dfltui.o(.text)
    __aeabi_d2uiz                            0x08000533   Thumb Code    50  dfixui.o(.text)
    __aeabi_f2d                              0x08000565   Thumb Code    38  f2d.o(.text)
    __aeabi_d2f                              0x0800058b   Thumb Code    56  d2f.o(.text)
    __aeabi_llsl                             0x080005c3   Thumb Code    30  llshl.o(.text)
    _ll_shift_l                              0x080005c3   Thumb Code     0  llshl.o(.text)
    __aeabi_llsr                             0x080005e1   Thumb Code    32  llushr.o(.text)
    _ll_ushift_r                             0x080005e1   Thumb Code     0  llushr.o(.text)
    __aeabi_lasr                             0x08000601   Thumb Code    36  llsshr.o(.text)
    _ll_sshift_r                             0x08000601   Thumb Code     0  llsshr.o(.text)
    __I$use$fp                               0x08000625   Thumb Code     0  iusefp.o(.text)
    _float_round                             0x08000625   Thumb Code    18  fepilogue.o(.text)
    _float_epilogue                          0x08000637   Thumb Code    92  fepilogue.o(.text)
    _double_round                            0x08000693   Thumb Code    30  depilogue.o(.text)
    _double_epilogue                         0x080006b1   Thumb Code   156  depilogue.o(.text)
    __scatterload                            0x0800074d   Thumb Code    28  init.o(.text)
    __scatterload_rt2                        0x0800074d   Thumb Code     0  init.o(.text)
    Aircraft_Init                            0x08000771   Thumb Code   364  aircraft.o(i.Aircraft_Init)
    BusFault_Handler                         0x08000905   Thumb Code     2  stm32f4xx_it.o(i.BusFault_Handler)
    DebugMon_Handler                         0x08000907   Thumb Code     2  stm32f4xx_it.o(i.DebugMon_Handler)
    Delay                                    0x08000909   Thumb Code    10  delay_1.o(i.Delay)
    GPIO_Init                                0x08000913   Thumb Code   162  stm32f4xx_gpio.o(i.GPIO_Init)
    GPIO_PinAFConfig                         0x080009b5   Thumb Code    32  stm32f4xx_gpio.o(i.GPIO_PinAFConfig)
    GPIO_ResetBits                           0x080009d5   Thumb Code     4  stm32f4xx_gpio.o(i.GPIO_ResetBits)
    GPIO_ToggleBits                          0x080009d9   Thumb Code     8  stm32f4xx_gpio.o(i.GPIO_ToggleBits)
    HardFault_Handler                        0x080009e1   Thumb Code     2  stm32f4xx_it.o(i.HardFault_Handler)
    MemManage_Handler                        0x080009e3   Thumb Code     2  stm32f4xx_it.o(i.MemManage_Handler)
    NMI_Handler                              0x080009e5   Thumb Code     2  stm32f4xx_it.o(i.NMI_Handler)
    NVIC_Init                                0x080009e9   Thumb Code    96  misc.o(i.NVIC_Init)
    PendSV_Handler                           0x08000a4d   Thumb Code     2  stm32f4xx_it.o(i.PendSV_Handler)
    RCC_AHB1PeriphClockCmd                   0x08000a51   Thumb Code    18  stm32f4xx_rcc.o(i.RCC_AHB1PeriphClockCmd)
    RCC_APB1PeriphClockCmd                   0x08000a69   Thumb Code    18  stm32f4xx_rcc.o(i.RCC_APB1PeriphClockCmd)
    RCC_APB2PeriphClockCmd                   0x08000a81   Thumb Code    18  stm32f4xx_rcc.o(i.RCC_APB2PeriphClockCmd)
    SVC_Handler                              0x08000a99   Thumb Code     2  stm32f4xx_it.o(i.SVC_Handler)
    SysTick_Handler                          0x08000a9b   Thumb Code     2  stm32f4xx_it.o(i.SysTick_Handler)
    SystemInit                               0x08000a9d   Thumb Code    74  system_stm32f4xx.o(i.SystemInit)
    TIM2_IRQHandler                          0x08000b5d   Thumb Code     6  aircraft.o(i.TIM2_IRQHandler)
    TIM3_IRQHandler                          0x08000b69   Thumb Code     6  aircraft.o(i.TIM3_IRQHandler)
    TIM4_IRQHandler                          0x08000b75   Thumb Code     6  aircraft.o(i.TIM4_IRQHandler)
    TIM5_IRQHandler                          0x08000b81   Thumb Code     6  aircraft.o(i.TIM5_IRQHandler)
    TIM8_UP_TIM13_IRQHandler                 0x08000b8d   Thumb Code    98  aircraft.o(i.TIM8_UP_TIM13_IRQHandler)
    TIM_ARRPreloadConfig                     0x08000bfd   Thumb Code    20  stm32f4xx_tim.o(i.TIM_ARRPreloadConfig)
    TIM_ClearITPendingBit                    0x08000c11   Thumb Code     6  stm32f4xx_tim.o(i.TIM_ClearITPendingBit)
    TIM_Cmd                                  0x08000c17   Thumb Code    20  stm32f4xx_tim.o(i.TIM_Cmd)
    TIM_CtrlPWMOutputs                       0x08000c2b   Thumb Code    22  stm32f4xx_tim.o(i.TIM_CtrlPWMOutputs)
    TIM_GetCapture1                          0x08000c41   Thumb Code     4  stm32f4xx_tim.o(i.TIM_GetCapture1)
    TIM_GetCapture2                          0x08000c45   Thumb Code     4  stm32f4xx_tim.o(i.TIM_GetCapture2)
    TIM_ITConfig                             0x08000c49   Thumb Code    16  stm32f4xx_tim.o(i.TIM_ITConfig)
    TIM_OC1Init                              0x08000c59   Thumb Code    88  stm32f4xx_tim.o(i.TIM_OC1Init)
    TIM_OC1PreloadConfig                     0x08000cb9   Thumb Code    12  stm32f4xx_tim.o(i.TIM_OC1PreloadConfig)
    TIM_OC2Init                              0x08000cc5   Thumb Code   120  stm32f4xx_tim.o(i.TIM_OC2Init)
    TIM_OC2PreloadConfig                     0x08000d45   Thumb Code    20  stm32f4xx_tim.o(i.TIM_OC2PreloadConfig)
    TIM_OC3Init                              0x08000d59   Thumb Code   116  stm32f4xx_tim.o(i.TIM_OC3Init)
    TIM_OC3PreloadConfig                     0x08000dd5   Thumb Code    12  stm32f4xx_tim.o(i.TIM_OC3PreloadConfig)
    TIM_OC4Init                              0x08000de1   Thumb Code    88  stm32f4xx_tim.o(i.TIM_OC4Init)
    TIM_OC4PreloadConfig                     0x08000e41   Thumb Code    20  stm32f4xx_tim.o(i.TIM_OC4PreloadConfig)
    TIM_PWMIConfig                           0x08000e55   Thumb Code   108  stm32f4xx_tim.o(i.TIM_PWMIConfig)
    TIM_SelectInputTrigger                   0x08000ec1   Thumb Code    12  stm32f4xx_tim.o(i.TIM_SelectInputTrigger)
    TIM_SelectMasterSlaveMode                0x08000ecd   Thumb Code    16  stm32f4xx_tim.o(i.TIM_SelectMasterSlaveMode)
    TIM_SelectSlaveMode                      0x08000edd   Thumb Code    16  stm32f4xx_tim.o(i.TIM_SelectSlaveMode)
    TIM_SetCompare1                          0x08000eed   Thumb Code     4  stm32f4xx_tim.o(i.TIM_SetCompare1)
    TIM_SetCompare2                          0x08000ef1   Thumb Code     4  stm32f4xx_tim.o(i.TIM_SetCompare2)
    TIM_SetCompare3                          0x08000ef5   Thumb Code     4  stm32f4xx_tim.o(i.TIM_SetCompare3)
    TIM_SetCompare4                          0x08000ef9   Thumb Code     4  stm32f4xx_tim.o(i.TIM_SetCompare4)
    TIM_SetIC1Prescaler                      0x08000efd   Thumb Code    16  stm32f4xx_tim.o(i.TIM_SetIC1Prescaler)
    TIM_SetIC2Prescaler                      0x08000f0d   Thumb Code    24  stm32f4xx_tim.o(i.TIM_SetIC2Prescaler)
    TIM_TimeBaseInit                         0x08000f25   Thumb Code    96  stm32f4xx_tim.o(i.TIM_TimeBaseInit)
    UsageFault_Handler                       0x08000fa1   Thumb Code     2  stm32f4xx_it.o(i.UsageFault_Handler)
    PWM::set_duty(float)                     0x08001059   Thumb Code    14  pwm.o(i._ZN3PWM8set_dutyEf)
    PWM::PWM(unsigned, float, unsigned char, unsigned char, PinTypedef) 0x08001067   Thumb Code   102  pwm.o(i._ZN3PWMC1Ejfhh10PinTypedef)
    PWM::PWM__sub_object(unsigned, float, unsigned char, unsigned char, PinTypedef) 0x08001067   Thumb Code     0  pwm.o(i._ZN3PWMC1Ejfhh10PinTypedef)
    PWM::PWM()                               0x080010cd   Thumb Code    12  pwm.o(i._ZN3PWMC1Ev)
    PWM::PWM__sub_object()                   0x080010cd   Thumb Code     0  pwm.o(i._ZN3PWMC1Ev)
    Pin::mode_pwm_input(unsigned char)       0x080010d9   Thumb Code    52  pin.o(i._ZN3Pin14mode_pwm_inputEh)
    Pin::eval_properties(PinTypedef)         0x0800110d   Thumb Code   130  pin.o(i._ZN3Pin15eval_propertiesE10PinTypedef)
    Pin::mode_pwm_output(unsigned char)      0x080011b5   Thumb Code    52  pin.o(i._ZN3Pin15mode_pwm_outputEh)
    Pin::Pin(PinTypedef)                     0x080011e9   Thumb Code    24  pin.o(i._ZN3PinC1E10PinTypedef)
    Pin::Pin__sub_object(PinTypedef)         0x080011e9   Thumb Code     0  pin.o(i._ZN3PinC1E10PinTypedef)
    Motor::limit_duty(float)                 0x08001201   Thumb Code    32  motor.o(i._ZN5Motor10limit_dutyEf)
    Motor::set_duty(float)                   0x08001231   Thumb Code    22  motor.o(i._ZN5Motor8set_dutyEf)
    Motor::Motor(unsigned, float, unsigned char, unsigned char, PinTypedef) 0x08001247   Thumb Code    68  motor.o(i._ZN5MotorC1Ejfhh10PinTypedef)
    Motor::Motor__sub_object(unsigned, float, unsigned char, unsigned char, PinTypedef) 0x08001247   Thumb Code     0  motor.o(i._ZN5MotorC1Ejfhh10PinTypedef)
    Motor::Motor()                           0x0800128b   Thumb Code     4  motor.o(i._ZN5MotorC1Ev)
    Motor::Motor__sub_object()               0x0800128b   Thumb Code     0  motor.o(i._ZN5MotorC1Ev)
    Stick::get_now_duty(float)               0x0800128f   Thumb Code     8  stick.o(i._ZN5Stick12get_now_dutyEf)
    Stick::seft_convert()                    0x08001297   Thumb Code    32  stick.o(i._ZN5Stick12seft_convertEv)
    Stick::seft_standardize()                0x080012b9   Thumb Code    78  stick.o(i._ZN5Stick16seft_standardizeEv)
    Stick::Stick(float, float, float, DATA_MODE) 0x08001311   Thumb Code     2  stick.o(i._ZN5StickC1Efff9DATA_MODE)
    Stick::Stick__sub_object(float, float, float, DATA_MODE) 0x08001311   Thumb Code     0  stick.o(i._ZN5StickC1Efff9DATA_MODE)
    Stick::Stick()                           0x08001313   Thumb Code     2  stick.o(i._ZN5StickC1Ev)
    Stick::Stick__sub_object()               0x08001313   Thumb Code     0  stick.o(i._ZN5StickC1Ev)
    Timer::GPIO_AF_TIM(TIM_TypeDef*)         0x08001315   Thumb Code    38  timer.o(i._ZN5Timer11GPIO_AF_TIMEP11TIM_TypeDef)
    Timer::config_IRQn()                     0x0800133b   Thumb Code    50  timer.o(i._ZN5Timer11config_IRQnEv)
    Timer::config_Periph()                   0x0800136d   Thumb Code   112  timer.o(i._ZN5Timer13config_PeriphEv)
    Timer::mode_pwm_input(PinTypedef)        0x080013dd   Thumb Code   212  timer.o(i._ZN5Timer14mode_pwm_inputE10PinTypedef)
    Timer::mode_pwm_output(float, float, unsigned char, PinTypedef) 0x080014b1   Thumb Code   302  timer.o(i._ZN5Timer15mode_pwm_outputEffh10PinTypedef)
    Timer::PWM_Input_Handler()               0x080015e9   Thumb Code   118  timer.o(i._ZN5Timer17PWM_Input_HandlerEv)
    Timer::mode_sch()                        0x08001675   Thumb Code   112  timer.o(i._ZN5Timer8mode_schEv)
    Timer::set_duty(float, unsigned char)    0x080016e5   Thumb Code   140  timer.o(i._ZN5Timer8set_dutyEfh)
    Timer::Timer(unsigned char)              0x08001779   Thumb Code   116  timer.o(i._ZN5TimerC1Eh)
    Timer::Timer__sub_object(unsigned char)  0x08001779   Thumb Code     0  timer.o(i._ZN5TimerC1Eh)
    Timer::Timer()                           0x08001825   Thumb Code     2  timer.o(i._ZN5TimerC1Ev)
    Timer::Timer__sub_object()               0x08001825   Thumb Code     0  timer.o(i._ZN5TimerC1Ev)
    Receiver::update_data(float)             0x08001827   Thumb Code     4  receiver.o(i._ZN8Receiver11update_dataEf)
    Receiver::Receiver()                     0x0800182b   Thumb Code    28  receiver.o(i._ZN8ReceiverC1Ev)
    Receiver::Receiver__sub_object()         0x0800182b   Thumb Code     0  receiver.o(i._ZN8ReceiverC1Ev)
    __scatterload_copy                       0x08001847   Thumb Code    14  handlers.o(i.__scatterload_copy)
    __scatterload_null                       0x08001855   Thumb Code     2  handlers.o(i.__scatterload_null)
    __scatterload_zeroinit                   0x08001857   Thumb Code    14  handlers.o(i.__scatterload_zeroinit)
    main                                     0x080018c9   Thumb Code    28  aircraft.o(i.main)
    Region$$Table$$Base                      0x080018ec   Number         0  anon$$obj.o(Region$$Table)
    Region$$Table$$Limit                     0x0800190c   Number         0  anon$$obj.o(Region$$Table)
    SHT$$INIT_ARRAY$$Base                    0x0800190c   Number         0  aircraft.o(.init_array)
    SHT$$INIT_ARRAY$$Limit                   0x08001910   Number         0  cpp_init.o(.init_array)
    init_flag                                0x20000000   Data           1  aircraft.o(.data)
    counter                                  0x20000004   Data           4  aircraft.o(.data)
    tim_throttle                             0x20000008   Data          28  aircraft.o(.bss)
    tim_pitch                                0x20000024   Data          28  aircraft.o(.bss)
    tim_yaw                                  0x20000040   Data          28  aircraft.o(.bss)
    tim_roll                                 0x2000005c   Data          28  aircraft.o(.bss)
    motor1                                   0x20000078   Data          44  aircraft.o(.bss)
    motor2                                   0x200000a4   Data          44  aircraft.o(.bss)
    motor3                                   0x200000d0   Data          44  aircraft.o(.bss)
    motor4                                   0x200000fc   Data          44  aircraft.o(.bss)
    tim_sch                                  0x20000128   Data          28  aircraft.o(.bss)
    receiver                                 0x20000144   Data         112  aircraft.o(.bss)
    __initial_sp                             0x200005b8   Data           0  startup_stm32f4xx.o(STACK)



==============================================================================

Memory Map of the image

  Image Entry point : 0x08000189

  Load Region LR_IROM1 (Base: 0x08000000, Size: 0x00001918, Max: 0x00100000, ABSOLUTE)

    Execution Region ER_IROM1 (Base: 0x08000000, Size: 0x00001910, Max: 0x00100000, ABSOLUTE)

    Base Addr    Size         Type   Attr      Idx    E Section Name        Object

    0x08000000   0x00000188   Data   RO         1833    RESET               startup_stm32f4xx.o
    0x08000188   0x00000000   Code   RO         2201  * .ARM.Collect$$$$00000000  mc_w.l(entry.o)
    0x08000188   0x00000004   Code   RO         2227    .ARM.Collect$$$$00000001  mc_w.l(entry2.o)
    0x0800018c   0x00000004   Code   RO         2230    .ARM.Collect$$$$00000004  mc_w.l(entry5.o)
    0x08000190   0x00000000   Code   RO         2232    .ARM.Collect$$$$00000008  mc_w.l(entry7b.o)
    0x08000190   0x00000004   Code   RO         2233    .ARM.Collect$$$$00000009  mc_w.l(entry8a.o)
    0x08000194   0x00000000   Code   RO         2234    .ARM.Collect$$$$0000000A  mc_w.l(entry8b.o)
    0x08000194   0x00000008   Code   RO         2235    .ARM.Collect$$$$0000000B  mc_w.l(entry9a.o)
    0x0800019c   0x00000000   Code   RO         2237    .ARM.Collect$$$$0000000D  mc_w.l(entry10a.o)
    0x0800019c   0x00000000   Code   RO         2239    .ARM.Collect$$$$0000000F  mc_w.l(entry11a.o)
    0x0800019c   0x00000004   Code   RO         2228    .ARM.Collect$$$$00002712  mc_w.l(entry2.o)
    0x080001a0   0x00000024   Code   RO         1834    .text               startup_stm32f4xx.o
    0x080001c4   0x00000024   Code   RO         2204    .text               mc_w.l(memcpya.o)
    0x080001e8   0x00000020   Code   RO         2211    .text               mc_w.l(cpp_init.o)
    0x08000208   0x0000014e   Code   RO         2213    .text               mf_w.l(dadd.o)
    0x08000356   0x000000e4   Code   RO         2215    .text               mf_w.l(dmul.o)
    0x0800043a   0x000000de   Code   RO         2217    .text               mf_w.l(ddiv.o)
    0x08000518   0x0000001a   Code   RO         2219    .text               mf_w.l(dfltui.o)
    0x08000532   0x00000032   Code   RO         2221    .text               mf_w.l(dfixui.o)
    0x08000564   0x00000026   Code   RO         2223    .text               mf_w.l(f2d.o)
    0x0800058a   0x00000038   Code   RO         2225    .text               mf_w.l(d2f.o)
    0x080005c2   0x0000001e   Code   RO         2241    .text               mc_w.l(llshl.o)
    0x080005e0   0x00000020   Code   RO         2243    .text               mc_w.l(llushr.o)
    0x08000600   0x00000024   Code   RO         2245    .text               mc_w.l(llsshr.o)
    0x08000624   0x00000000   Code   RO         2247    .text               mc_w.l(iusefp.o)
    0x08000624   0x0000006e   Code   RO         2248    .text               mf_w.l(fepilogue.o)
    0x08000692   0x000000ba   Code   RO         2250    .text               mf_w.l(depilogue.o)
    0x0800074c   0x00000024   Code   RO         2252    .text               mc_w.l(init.o)
    0x08000770   0x00000194   Code   RO            2    i.Aircraft_Init     aircraft.o
    0x08000904   0x00000002   Code   RO          225    i.BusFault_Handler  stm32f4xx_it.o
    0x08000906   0x00000002   Code   RO          226    i.DebugMon_Handler  stm32f4xx_it.o
    0x08000908   0x0000000a   Code   RO         2130    i.Delay             delay_1.o
    0x08000912   0x000000a2   Code   RO          784    i.GPIO_Init         stm32f4xx_gpio.o
    0x080009b4   0x00000020   Code   RO          785    i.GPIO_PinAFConfig  stm32f4xx_gpio.o
    0x080009d4   0x00000004   Code   RO          791    i.GPIO_ResetBits    stm32f4xx_gpio.o
    0x080009d8   0x00000008   Code   RO          794    i.GPIO_ToggleBits   stm32f4xx_gpio.o
    0x080009e0   0x00000002   Code   RO          227    i.HardFault_Handler  stm32f4xx_it.o
    0x080009e2   0x00000002   Code   RO          228    i.MemManage_Handler  stm32f4xx_it.o
    0x080009e4   0x00000002   Code   RO          229    i.NMI_Handler       stm32f4xx_it.o
    0x080009e6   0x00000002   PAD
    0x080009e8   0x00000064   Code   RO          743    i.NVIC_Init         misc.o
    0x08000a4c   0x00000002   Code   RO          230    i.PendSV_Handler    stm32f4xx_it.o
    0x08000a4e   0x00000002   PAD
    0x08000a50   0x00000018   Code   RO          467    i.RCC_AHB1PeriphClockCmd  stm32f4xx_rcc.o
    0x08000a68   0x00000018   Code   RO          476    i.RCC_APB1PeriphClockCmd  stm32f4xx_rcc.o
    0x08000a80   0x00000018   Code   RO          479    i.RCC_APB2PeriphClockCmd  stm32f4xx_rcc.o
    0x08000a98   0x00000002   Code   RO          231    i.SVC_Handler       stm32f4xx_it.o
    0x08000a9a   0x00000002   Code   RO          232    i.SysTick_Handler   stm32f4xx_it.o
    0x08000a9c   0x0000005c   Code   RO         1840    i.SystemInit        system_stm32f4xx.o
    0x08000af8   0x0000002e   Code   RO         1289    i.TI1_Config        stm32f4xx_tim.o
    0x08000b26   0x00000036   Code   RO         1290    i.TI2_Config        stm32f4xx_tim.o
    0x08000b5c   0x0000000c   Code   RO            3    i.TIM2_IRQHandler   aircraft.o
    0x08000b68   0x0000000c   Code   RO            4    i.TIM3_IRQHandler   aircraft.o
    0x08000b74   0x0000000c   Code   RO            5    i.TIM4_IRQHandler   aircraft.o
    0x08000b80   0x0000000c   Code   RO            6    i.TIM5_IRQHandler   aircraft.o
    0x08000b8c   0x00000070   Code   RO            7    i.TIM8_UP_TIM13_IRQHandler  aircraft.o
    0x08000bfc   0x00000014   Code   RO         1291    i.TIM_ARRPreloadConfig  stm32f4xx_tim.o
    0x08000c10   0x00000006   Code   RO         1298    i.TIM_ClearITPendingBit  stm32f4xx_tim.o
    0x08000c16   0x00000014   Code   RO         1303    i.TIM_Cmd           stm32f4xx_tim.o
    0x08000c2a   0x00000016   Code   RO         1305    i.TIM_CtrlPWMOutputs  stm32f4xx_tim.o
    0x08000c40   0x00000004   Code   RO         1318    i.TIM_GetCapture1   stm32f4xx_tim.o
    0x08000c44   0x00000004   Code   RO         1319    i.TIM_GetCapture2   stm32f4xx_tim.o
    0x08000c48   0x00000010   Code   RO         1328    i.TIM_ITConfig      stm32f4xx_tim.o
    0x08000c58   0x00000060   Code   RO         1332    i.TIM_OC1Init       stm32f4xx_tim.o
    0x08000cb8   0x0000000c   Code   RO         1335    i.TIM_OC1PreloadConfig  stm32f4xx_tim.o
    0x08000cc4   0x00000080   Code   RO         1337    i.TIM_OC2Init       stm32f4xx_tim.o
    0x08000d44   0x00000014   Code   RO         1340    i.TIM_OC2PreloadConfig  stm32f4xx_tim.o
    0x08000d58   0x0000007c   Code   RO         1342    i.TIM_OC3Init       stm32f4xx_tim.o
    0x08000dd4   0x0000000c   Code   RO         1345    i.TIM_OC3PreloadConfig  stm32f4xx_tim.o
    0x08000de0   0x00000060   Code   RO         1347    i.TIM_OC4Init       stm32f4xx_tim.o
    0x08000e40   0x00000014   Code   RO         1349    i.TIM_OC4PreloadConfig  stm32f4xx_tim.o
    0x08000e54   0x0000006c   Code   RO         1351    i.TIM_PWMIConfig    stm32f4xx_tim.o
    0x08000ec0   0x0000000c   Code   RO         1357    i.TIM_SelectInputTrigger  stm32f4xx_tim.o
    0x08000ecc   0x00000010   Code   RO         1358    i.TIM_SelectMasterSlaveMode  stm32f4xx_tim.o
    0x08000edc   0x00000010   Code   RO         1362    i.TIM_SelectSlaveMode  stm32f4xx_tim.o
    0x08000eec   0x00000004   Code   RO         1365    i.TIM_SetCompare1   stm32f4xx_tim.o
    0x08000ef0   0x00000004   Code   RO         1366    i.TIM_SetCompare2   stm32f4xx_tim.o
    0x08000ef4   0x00000004   Code   RO         1367    i.TIM_SetCompare3   stm32f4xx_tim.o
    0x08000ef8   0x00000004   Code   RO         1368    i.TIM_SetCompare4   stm32f4xx_tim.o
    0x08000efc   0x00000010   Code   RO         1370    i.TIM_SetIC1Prescaler  stm32f4xx_tim.o
    0x08000f0c   0x00000018   Code   RO         1371    i.TIM_SetIC2Prescaler  stm32f4xx_tim.o
    0x08000f24   0x0000007c   Code   RO         1375    i.TIM_TimeBaseInit  stm32f4xx_tim.o
    0x08000fa0   0x00000002   Code   RO          233    i.UsageFault_Handler  stm32f4xx_it.o
    0x08000fa2   0x00000002   PAD
    0x08000fa4   0x000000b4   Code   RO         1841    i._Z11SetSysClockv  system_stm32f4xx.o
    0x08001058   0x0000000e   Code   RO         1989    i._ZN3PWM8set_dutyEf  pwm.o
    0x08001066   0x00000066   Code   RO         1990    i._ZN3PWMC1Ejfhh10PinTypedef  pwm.o
    0x080010cc   0x0000000c   Code   RO         1991    i._ZN3PWMC1Ev       pwm.o
    0x080010d8   0x00000034   Code   RO         1875    i._ZN3Pin14mode_pwm_inputEh  pin.o
    0x0800110c   0x000000a8   Code   RO         1876    i._ZN3Pin15eval_propertiesE10PinTypedef  pin.o
    0x080011b4   0x00000034   Code   RO         1877    i._ZN3Pin15mode_pwm_outputEh  pin.o
    0x080011e8   0x00000018   Code   RO         1878    i._ZN3PinC1E10PinTypedef  pin.o
    0x08001200   0x00000030   Code   RO         2025    i._ZN5Motor10limit_dutyEf  motor.o
    0x08001230   0x00000016   Code   RO         2027    i._ZN5Motor8set_dutyEf  motor.o
    0x08001246   0x00000044   Code   RO         2028    i._ZN5MotorC1Ejfhh10PinTypedef  motor.o
    0x0800128a   0x00000004   Code   RO         2029    i._ZN5MotorC1Ev     motor.o
    0x0800128e   0x00000008   Code   RO         2068    i._ZN5Stick12get_now_dutyEf  stick.o
    0x08001296   0x00000020   Code   RO         2069    i._ZN5Stick12seft_convertEv  stick.o
    0x080012b6   0x00000002   PAD
    0x080012b8   0x00000058   Code   RO         2070    i._ZN5Stick16seft_standardizeEv  stick.o
    0x08001310   0x00000002   Code   RO         2071    i._ZN5StickC1Efff9DATA_MODE  stick.o
    0x08001312   0x00000002   Code   RO         2072    i._ZN5StickC1Ev     stick.o
    0x08001314   0x00000026   Code   RO         1909    i._ZN5Timer11GPIO_AF_TIMEP11TIM_TypeDef  timer.o
    0x0800133a   0x00000032   Code   RO         1910    i._ZN5Timer11config_IRQnEv  timer.o
    0x0800136c   0x00000070   Code   RO         1911    i._ZN5Timer13config_PeriphEv  timer.o
    0x080013dc   0x000000d4   Code   RO         1912    i._ZN5Timer14mode_pwm_inputE10PinTypedef  timer.o
    0x080014b0   0x00000138   Code   RO         1913    i._ZN5Timer15mode_pwm_outputEffh10PinTypedef  timer.o
    0x080015e8   0x0000008c   Code   RO         1914    i._ZN5Timer17PWM_Input_HandlerEv  timer.o
    0x08001674   0x00000070   Code   RO         1915    i._ZN5Timer8mode_schEv  timer.o
    0x080016e4   0x00000094   Code   RO         1916    i._ZN5Timer8set_dutyEfh  timer.o
    0x08001778   0x000000ac   Code   RO         1917    i._ZN5TimerC1Eh     timer.o
    0x08001824   0x00000002   Code   RO         1918    i._ZN5TimerC1Ev     timer.o
    0x08001826   0x00000004   Code   RO         2109    i._ZN8Receiver11update_dataEf  receiver.o
    0x0800182a   0x0000001c   Code   RO         2110    i._ZN8ReceiverC1Ev  receiver.o
    0x08001846   0x0000000e   Code   RO         2256    i.__scatterload_copy  mc_w.l(handlers.o)
    0x08001854   0x00000002   Code   RO         2257    i.__scatterload_null  mc_w.l(handlers.o)
    0x08001856   0x0000000e   Code   RO         2258    i.__scatterload_zeroinit  mc_w.l(handlers.o)
    0x08001864   0x00000064   Code   RO            8    i.__sti___12_Aircraft_cpp_700c42bb  aircraft.o
    0x080018c8   0x00000024   Code   RO            9    i.main              aircraft.o
    0x080018ec   0x00000020   Data   RO         2254    Region$$Table       anon$$obj.o
    0x0800190c   0x00000004   Data   RO           20    .init_array         aircraft.o
    0x08001910   0x00000000   Data   RO         2209    .init_array         mc_w.l(cpp_init.o)


    Execution Region RW_IRAM1 (Base: 0x20000000, Size: 0x000005b8, Max: 0x00020000, ABSOLUTE)

    Base Addr    Size         Type   Attr      Idx    E Section Name        Object

    0x20000000   0x00000008   Data   RW           19    .data               aircraft.o
    0x20000008   0x000001ac   Zero   RW           18    .bss                aircraft.o
    0x200001b4   0x00000004   PAD
    0x200001b8   0x00000400   Zero   RW         1831    STACK               startup_stm32f4xx.o


==============================================================================

Image component sizes


      Code (inc. data)   RO Data    RW Data    ZI Data      Debug   Object Name

       700         94          4          8        428     249191   aircraft.o
        10          0          0          0          0       1684   delay_1.o
       100          4          0          0          0       1156   misc.o
       142         16          0          0          0       3324   motor.o
       296         58          0          0          0       2016   pin.o
       128          0          0          0          0       2236   pwm.o
        32          0          0          0          0       1280   receiver.o
        36          8        392          0       1024        940   startup_stm32f4xx.o
       132         10          0          0          0       2604   stick.o
         0          0          0          0          0     240088   stm32f4_discovery.o
       206          0          0          0          0       3122   stm32f4xx_gpio.o
        18          0          0          0          0       3778   stm32f4xx_it.o
        72         18          0          0          0       1947   stm32f4xx_rcc.o
      1032         60          0          0          0      19634   stm32f4xx_tim.o
       272         36          0          0          0       1489   system_stm32f4xx.o
      1298        158          0          0          0       7584   timer.o

    ----------------------------------------------------------------------
      4482        462        428          8       1456     542073   Object Totals
         0          0         32          0          0          0   (incl. Generated)
         8          0          0          0          4          0   (incl. Padding)

    ----------------------------------------------------------------------

      Code (inc. data)   RO Data    RW Data    ZI Data      Debug   Library Member Name

        32         10          0          0          0         80   cpp_init.o
         0          0          0          0          0          0   entry.o
         0          0          0          0          0          0   entry10a.o
         0          0          0          0          0          0   entry11a.o
         8          4          0          0          0          0   entry2.o
         4          0          0          0          0          0   entry5.o
         0          0          0          0          0          0   entry7b.o
         4          0          0          0          0          0   entry8a.o
         0          0          0          0          0          0   entry8b.o
         8          4          0          0          0          0   entry9a.o
        30          0          0          0          0          0   handlers.o
        36          8          0          0          0         68   init.o
         0          0          0          0          0          0   iusefp.o
        30          0          0          0          0         68   llshl.o
        36          0          0          0          0         68   llsshr.o
        32          0          0          0          0         68   llushr.o
        36          0          0          0          0         68   memcpya.o
        56          0          0          0          0         88   d2f.o
       334          0          0          0          0        148   dadd.o
       222          0          0          0          0        100   ddiv.o
       186          0          0          0          0        176   depilogue.o
        50          0          0          0          0         76   dfixui.o
        26          0          0          0          0         76   dfltui.o
       228          0          0          0          0         96   dmul.o
        38          0          0          0          0         68   f2d.o
       110          0          0          0          0        168   fepilogue.o

    ----------------------------------------------------------------------
      1506         26          0          0          0       1416   Library Totals
         0          0          0          0          0          0   (incl. Padding)

    ----------------------------------------------------------------------

      Code (inc. data)   RO Data    RW Data    ZI Data      Debug   Library Name

       256         26          0          0          0        420   mc_w.l
      1250          0          0          0          0        996   mf_w.l

    ----------------------------------------------------------------------
      1506         26          0          0          0       1416   Library Totals

    ----------------------------------------------------------------------

==============================================================================


      Code (inc. data)   RO Data    RW Data    ZI Data      Debug   

      5988        488        428          8       1456     535569   Grand Totals
      5988        488        428          8       1456     535569   ELF Image Totals
      5988        488        428          8          0          0   ROM Totals

==============================================================================

    Total RO  Size (Code + RO Data)                 6416 (   6.27kB)
    Total RW  Size (RW Data + ZI Data)              1464 (   1.43kB)
    Total ROM Size (Code + RO Data + RW Data)       6424 (   6.27kB)

==============================================================================

